Product: MDK-ARM Professional 5.10
Component: ARM Compiler 5.04 update 1 (build 49)
Tool: armlink [5040049]

==============================================================================

Section Cross References

    startup_stm32f10x_cl.o(RESET) refers to startup_stm32f10x_cl.o(STACK) for __initial_sp
    startup_stm32f10x_cl.o(RESET) refers to startup_stm32f10x_cl.o(.text) for Reset_Handler
    startup_stm32f10x_cl.o(RESET) refers to stm32f10x_it.o(.text) for NMI_Handler
    startup_stm32f10x_cl.o(RESET) refers to os_cpu_a.o(CODE) for OS_CPU_PendSVHandler
    startup_stm32f10x_cl.o(RESET) refers to os_cpu_c.o(.text) for OS_CPU_SysTickHandler
    startup_stm32f10x_cl.o(.text) refers to system_stm32f10x.o(.text) for SystemInit
    startup_stm32f10x_cl.o(.text) refers to entry.o(.ARM.Collect$$$$00000000) for __main
    system_stm32f10x.o(.text) refers to system_stm32f10x.o(.data) for SystemCoreClock
    cpu_core.o(.text) refers to bsp.o(.text) for CPU_TS_TmrRd
    cpu_core.o(.text) refers to cpu_a.o(.text) for CPU_SR_Save
    cpu_core.o(.text) refers to lib_mem.o(.text) for Mem_Clr
    cpu_core.o(.text) refers to lib_str.o(.text) for Str_Copy_N
    cpu_core.o(.text) refers to cpu_core.o(.data) for CPU_IntDisNestCtr
    cpu_core.o(.text) refers to cpu_core.o(.bss) for CPU_Name
    cpu_core.o(.text) refers to cpu_core.o(.constdata) for CPU_CntLeadZerosTbl
    cpu_c.o(.text) refers to cpu_a.o(.text) for CPU_SR_Save
    cpu_c.o(.text) refers to cpu_core.o(.text) for CPU_IntDisMeasStart
    lib_mem.o(.text) refers to lib_mem_a.o(.text) for Mem_Copy
    lib_mem.o(.text) refers to cpu_core.o(.text) for CPU_SW_Exception
    lib_mem.o(.text) refers to cpu_a.o(.text) for CPU_SR_Save
    lib_mem.o(.text) refers to lib_mem.o(.bss) for Mem_PoolHeap
    lib_mem.o(.text) refers to lib_mem.o(.data) for Mem_PoolTbl
    lib_str.o(.text) refers to lib_ascii.o(.text) for ASCII_ToLower
    lib_str.o(.text) refers to lib_str.o(.constdata) for Str_MultOvfThTbl_Int32U
    lib_math.o(.text) refers to cpu_a.o(.text) for CPU_SR_Save
    lib_math.o(.text) refers to cpu_core.o(.text) for CPU_IntDisMeasStart
    lib_math.o(.text) refers to lib_math.o(.data) for Math_RandSeedCur
    os_cpu_a.o(CODE) refers (Special) to os_core.o(.text) for OSIntExit
    os_cpu_a.o(CODE) refers (Special) to os_var.o(.data) for OSRunning
    os_cpu_a.o(CODE) refers to os_cpu_c.o(.data) for OS_CPU_ExceptStkBase
    os_cpu_a.o(CODE) refers to os_cpu_c.o(.text) for OSTaskSwHook
    os_cpu_c.o(.text) refers to bsp.o(.text) for CPU_TS_TmrRd
    os_cpu_c.o(.text) refers to cpu_core.o(.text) for CPU_IntDisMeasMaxCurReset
    os_cpu_c.o(.text) refers to cpu_a.o(.text) for CPU_SR_Save
    os_cpu_c.o(.text) refers to os_time.o(.text) for OSTimeTick
    os_cpu_c.o(.text) refers to os_core.o(.text) for OSIntExit
    os_cpu_c.o(.text) refers to os_var.o(.data) for OS_AppIdleTaskHookPtr
    os_cpu_c.o(.text) refers to os_cfg_app.o(.constdata) for OSCfg_ISRStkBasePtr
    os_cpu_c.o(.text) refers to os_cpu_c.o(.data) for OS_CPU_ExceptStkBase
    os_cpu_c.o(.text) refers to os_task.o(.text) for OS_TaskReturn
    os_cfg_app.o(.constdata) refers to os_cfg_app.o(.bss) for OSCfg_IdleTaskStk
    os_core.o(.text) refers to cpu_a.o(.text) for CPU_SR_Save
    os_core.o(.text) refers to cpu_core.o(.text) for CPU_IntDisMeasStart
    os_core.o(.text) refers to os_cpu_c.o(.text) for OSIdleTaskHook
    os_core.o(.text) refers to os_task.o(.text) for OSTaskCreate
    os_core.o(.text) refers to os_prio.o(.text) for OS_PrioInit
    os_core.o(.text) refers to os_flag.o(.text) for OS_FlagInit
    os_core.o(.text) refers to os_mem.o(.text) for OS_MemInit
    os_core.o(.text) refers to os_msg.o(.text) for OS_MsgPoolInit
    os_core.o(.text) refers to os_mutex.o(.text) for OS_MutexInit
    os_core.o(.text) refers to os_q.o(.text) for OS_QInit
    os_core.o(.text) refers to os_sem.o(.text) for OS_SemInit
    os_core.o(.text) refers to os_int.o(.text) for OS_IntQTaskInit
    os_core.o(.text) refers to os_tick.o(.text) for OS_TickTaskInit
    os_core.o(.text) refers to os_stat.o(.text) for OS_StatTaskInit
    os_core.o(.text) refers to os_tmr.o(.text) for OS_TmrInit
    os_core.o(.text) refers to os_dbg.o(.text) for OS_Dbg_Init
    os_core.o(.text) refers to os_cfg_app.o(.text) for OSCfg_Init
    os_core.o(.text) refers to bsp.o(.text) for CPU_TS_TmrRd
    os_core.o(.text) refers to os_var.o(.data) for OSIdleTaskCtr
    os_core.o(.text) refers to os_cfg_app.o(.constdata) for OSCfg_IdleTaskStkSize
    os_core.o(.text) refers to os_var.o(.bss) for OSIdleTaskTCB
    os_core.o(.text) refers to os_cpu_a.o(CODE) for OSStartHighRdy
    os_dbg.o(.text) refers to os_dbg.o(.constdata) for OSDbg_DbgEn
    os_flag.o(.text) refers to cpu_a.o(.text) for CPU_SR_Save
    os_flag.o(.text) refers to cpu_core.o(.text) for CPU_IntDisMeasStart
    os_flag.o(.text) refers to os_core.o(.text) for OS_SchedLockTimeMeasStart
[...]
    led.o(.text) refers to stm32f10x_gpio.o(.text) for GPIO_Init
    main.o(.text) refers to os_time.o(.text) for OSTimeDlyHMSM
    main.o(.text) refers to os_task.o(.text) for OSTaskCreate
    main.o(.text) refers to led.o(.text) for Led_On
    main.o(.text) refers to bsp.o(.text) for Bsp_Init
    main.o(.text) refers to os_core.o(.text) for OSInit
    main.o(.text) refers to main.o(.bss) for Test_Idle_STK
    stm32f10x_gpio.o(.text) refers to stm32f10x_rcc.o(.text) for RCC_APB2PeriphResetCmd
    stm32f10x_rcc.o(.text) refers to stm32f10x_rcc.o(.data) for APBAHBPrescTable
    entry.o(.ARM.Collect$$$$00000000) refers (Special) to entry10a.o(.ARM.Collect$$$$0000000D) for __rt_final_cpp
    entry.o(.ARM.Collect$$$$00000000) refers (Special) to entry11a.o(.ARM.Collect$$$$0000000F) for __rt_final_exit
    entry.o(.ARM.Collect$$$$00000000) refers (Special) to entry7b.o(.ARM.Collect$$$$00000008) for _main_clock
    entry.o(.ARM.Collect$$$$00000000) refers (Special) to entry8b.o(.ARM.Collect$$$$0000000A) for _main_cpp_init
    entry.o(.ARM.Collect$$$$00000000) refers (Special) to entry9a.o(.ARM.Collect$$$$0000000B) for _main_init
    entry.o(.ARM.Collect$$$$00000000) refers (Special) to entry5.o(.ARM.Collect$$$$00000004) for _main_scatterload
    entry.o(.ARM.Collect$$$$00000000) refers (Special) to entry2.o(.ARM.Collect$$$$00000001) for _main_stk
    entry2.o(.ARM.Collect$$$$00000001) refers to entry2.o(.ARM.Collect$$$$00002712) for __lit__00000000
    entry2.o(.ARM.Collect$$$$00002712) refers to startup_stm32f10x_cl.o(STACK) for __initial_sp
    entry2.o(__vectab_stack_and_reset_area) refers to startup_stm32f10x_cl.o(STACK) for __initial_sp
    entry2.o(__vectab_stack_and_reset_area) refers to entry.o(.ARM.Collect$$$$00000000) for __main
    entry5.o(.ARM.Collect$$$$00000004) refers to init.o(.text) for __scatterload
    entry9a.o(.ARM.Collect$$$$0000000B) refers to main.o(.text) for main
    entry9b.o(.ARM.Collect$$$$0000000C) refers to main.o(.text) for main
    init.o(.text) refers to entry5.o(.ARM.Collect$$$$00000004) for __main_after_scatterload


==============================================================================

Removing Unused input sections from the image.

    Removing startup_stm32f10x_cl.o(HEAP), (512 bytes).
    Removing core_cm3.o(.emb_text), (32 bytes).
    Removing cpu_c.o(.text), (2132 bytes).
    Removing lib_math.o(.text), (144 bytes).
    Removing lib_math.o(.data), (4 bytes).
    Removing os_pend_multi.o(.text), (832 bytes).
    Removing misc.o(.text), (220 bytes).
    Removing stm32f10x_fsmc.o(.text), (1548 bytes).

8 unused section(s) (total 5424 bytes) removed from the image.

==============================================================================

Image Symbol Table

    Local Symbols

    Symbol Name                              Value     Ov Type        Size  Object(Section)

    ../clib/../cmprslib/zerorunl.c           0x00000000   Number         0  __dczerorl.o ABSOLUTE
    ../clib/microlib/init/entry.s            0x00000000   Number         0  entry7a.o ABSOLUTE
    ../clib/microlib/init/entry.s            0x00000000   Number         0  entry5.o ABSOLUTE
    ../clib/microlib/init/entry.s            0x00000000   Number         0  entry11b.o ABSOLUTE
    ../clib/microlib/init/entry.s            0x00000000   Number         0  entry2.o ABSOLUTE
    ../clib/microlib/init/entry.s            0x00000000   Number         0  entry7b.o ABSOLUTE
    ../clib/microlib/init/entry.s            0x00000000   Number         0  entry.o ABSOLUTE
    ../clib/microlib/init/entry.s            0x00000000   Number         0  entry8b.o ABSOLUTE
    ../clib/microlib/init/entry.s            0x00000000   Number         0  entry8a.o ABSOLUTE
    ../clib/microlib/init/entry.s            0x00000000   Number         0  entry9a.o ABSOLUTE
    ../clib/microlib/init/entry.s            0x00000000   Number         0  entry9b.o ABSOLUTE
    ../clib/microlib/init/entry.s            0x00000000   Number         0  entry10a.o ABSOLUTE
    ../clib/microlib/init/entry.s            0x00000000   Number         0  entry10b.o ABSOLUTE
    ../clib/microlib/init/entry.s            0x00000000   Number         0  entry11a.o ABSOLUTE
    ..\BSP\bsp.c                             0x00000000   Number         0  bsp.o ABSOLUTE
    ..\BSP\led.c                             0x00000000   Number         0  led.o ABSOLUTE
    ..\BSP\stm32f10x_it.c                    0x00000000   Number         0  stm32f10x_it.o ABSOLUTE
    ..\Main\main.c                           0x00000000   Number         0  main.o ABSOLUTE
    ..\STM32_StdPeriph_Library\CMSIS\CoreSupport\core_cm3.c 0x00000000   Number         0  core_cm3.o ABSOLUTE
    ..\STM32_StdPeriph_Library\CMSIS\DeviceSupport\ST\STM32F10x\system_stm32f10x.c 0x00000000   Number         0  system_stm32f10x.o ABSOLUTE
    ..\STM32_StdPeriph_Library\STM32F10x_StdPeriph_Driver\src\misc.c 0x00000000   Number         0  misc.o ABSOLUTE
    ..\STM32_StdPeriph_Library\STM32F10x_StdPeriph_Driver\src\stm32f10x_flash.c 0x00000000   Number         0  stm32f10x_flash.o ABSOLUTE
    ..\STM32_StdPeriph_Library\STM32F10x_StdPeriph_Driver\src\stm32f10x_fsmc.c 0x00000000   Number         0  stm32f10x_fsmc.o ABSOLUTE
    ..\STM32_StdPeriph_Library\STM32F10x_StdPeriph_Driver\src\stm32f10x_gpio.c 0x00000000   Number         0  stm32f10x_gpio.o ABSOLUTE
    ..\STM32_StdPeriph_Library\STM32F10x_StdPeriph_Driver\src\stm32f10x_rcc.c 0x00000000   Number         0  stm32f10x_rcc.o ABSOLUTE
    ..\UCOSIII\uC-CPU\ARM-Cortex-M3\RealView\cpu_a.asm 0x00000000   Number         0  cpu_a.o ABSOLUTE
    ..\UCOSIII\uC-CPU\ARM-Cortex-M3\RealView\cpu_c.c 0x00000000   Number         0  cpu_c.o ABSOLUTE
    ..\UCOSIII\uC-CPU\cpu_core.c             0x00000000   Number         0  cpu_core.o ABSOLUTE
    ..\UCOSIII\uC-LIB\Ports\ARM-Cortex-M3\RealView\lib_mem_a.asm 0x00000000   Number         0  lib_mem_a.o ABSOLUTE
    ..\UCOSIII\uC-LIB\lib_ascii.c            0x00000000   Number         0  lib_ascii.o ABSOLUTE
    ..\UCOSIII\uC-LIB\lib_math.c             0x00000000   Number         0  lib_math.o ABSOLUTE
    ..\UCOSIII\uC-LIB\lib_mem.c              0x00000000   Number         0  lib_mem.o ABSOLUTE
    ..\UCOSIII\uC-LIB\lib_str.c              0x00000000   Number         0  lib_str.o ABSOLUTE
    ..\UCOSIII\uCOS-III\Ports\ARM-Cortex-M3\Generic\RealView\os_cpu_a.s 0x00000000   Number         0  os_cpu_a.o ABSOLUTE
    ..\UCOSIII\uCOS-III\Ports\ARM-Cortex-M3\Generic\RealView\os_cpu_c.c 0x00000000   Number         0  os_cpu_c.o ABSOLUTE
    ..\UCOSIII\uCOS-III\Source\os_cfg_app.c  0x00000000   Number         0  os_cfg_app.o ABSOLUTE
    ..\UCOSIII\uCOS-III\Source\os_core.c     0x00000000   Number         0  os_core.o ABSOLUTE
    ..\UCOSIII\uCOS-III\Source\os_dbg.c      0x00000000   Number         0  os_dbg.o ABSOLUTE
    ..\UCOSIII\uCOS-III\Source\os_flag.c     0x00000000   Number         0  os_flag.o ABSOLUTE
    ..\UCOSIII\uCOS-III\Source\os_int.c      0x00000000   Number         0  os_int.o ABSOLUTE
    ..\UCOSIII\uCOS-III\Source\os_mem.c      0x00000000   Number         0  os_mem.o ABSOLUTE
    ..\UCOSIII\uCOS-III\Source\os_msg.c      0x00000000   Number         0  os_msg.o ABSOLUTE
    ..\UCOSIII\uCOS-III\Source\os_mutex.c    0x00000000   Number         0  os_mutex.o ABSOLUTE
    ..\UCOSIII\uCOS-III\Source\os_pend_multi.c 0x00000000   Number         0  os_pend_multi.o ABSOLUTE
    ..\UCOSIII\uCOS-III\Source\os_prio.c     0x00000000   Number         0  os_prio.o ABSOLUTE
    ..\UCOSIII\uCOS-III\Source\os_q.c        0x00000000   Number         0  os_q.o ABSOLUTE
    ..\UCOSIII\uCOS-III\Source\os_sem.c      0x00000000   Number         0  os_sem.o ABSOLUTE
    ..\UCOSIII\uCOS-III\Source\os_stat.c     0x00000000   Number         0  os_stat.o ABSOLUTE
    ..\UCOSIII\uCOS-III\Source\os_task.c     0x00000000   Number         0  os_task.o ABSOLUTE
    ..\UCOSIII\uCOS-III\Source\os_tick.c     0x00000000   Number         0  os_tick.o ABSOLUTE
    ..\UCOSIII\uCOS-III\Source\os_time.c     0x00000000   Number         0  os_time.o ABSOLUTE
    ..\UCOSIII\uCOS-III\Source\os_tmr.c      0x00000000   Number         0  os_tmr.o ABSOLUTE
    ..\UCOSIII\uCOS-III\Source\os_var.c      0x00000000   Number         0  os_var.o ABSOLUTE
    ..\\STM32_StdPeriph_Library\\CMSIS\\CoreSupport\\core_cm3.c 0x00000000   Number         0  core_cm3.o ABSOLUTE
    dc.s                                     0x00000000   Number         0  dc.o ABSOLUTE
    handlers.s                               0x00000000   Number         0  handlers.o ABSOLUTE
    init.s                                   0x00000000   Number         0  init.o ABSOLUTE
    startup_stm32f10x_cl.s                   0x00000000   Number         0  startup_stm32f10x_cl.o ABSOLUTE
    RESET                                    0x08000000   Section      336  startup_stm32f10x_cl.o(RESET)
    .ARM.Collect$$$$00000000                 0x08000150   Section        0  entry.o(.ARM.Collect$$$$00000000)
    .ARM.Collect$$$$00000001                 0x08000150   Section        4  entry2.o(.ARM.Collect$$$$00000001)
    .ARM.Collect$$$$00000004                 0x08000154   Section        4  entry5.o(.ARM.Collect$$$$00000004)
    .ARM.Collect$$$$00000008                 0x08000158   Section        0  entry7b.o(.ARM.Collect$$$$00000008)
    .ARM.Collect$$$$0000000A                 0x08000158   Section        0  entry8b.o(.ARM.Collect$$$$0000000A)
    .ARM.Collect$$$$0000000B                 0x08000158   Section        8  entry9a.o(.ARM.Collect$$$$0000000B)
    .ARM.Collect$$$$0000000D                 0x08000160   Section        0  entry10a.o(.ARM.Collect$$$$0000000D)
    .ARM.Collect$$$$0000000F                 0x08000160   Section        0  entry11a.o(.ARM.Collect$$$$0000000F)
    .ARM.Collect$$$$00002712                 0x08000160   Section        4  entry2.o(.ARM.Collect$$$$00002712)
    __lit__00000000                          0x08000160   Data           4  entry2.o(.ARM.Collect$$$$00002712)
    .text                                    0x08000164   Section       36  startup_stm32f10x_cl.o(.text)
    .text                                    0x08000188   Section        0  system_stm32f10x.o(.text)
    SetSysClockTo72                          0x08000189   Thumb Code   264  system_stm32f10x.o(.text)
    SetSysClock                              0x08000291   Thumb Code     8  system_stm32f10x.o(.text)
    .text                                    0x0800040c   Section        0  cpu_core.o(.text)
    CPU_NameInit                             0x080004a3   Thumb Code     8  cpu_core.o(.text)
    CPU_IntDisMeasInit                       0x080004ab   Thumb Code   104  cpu_core.o(.text)
    CPU_TS_Init                              0x08000513   Thumb Code    14  cpu_core.o(.text)
    CPU_IntDisMeasMaxCalc                    0x0800061d   Thumb Code    24  cpu_core.o(.text)
    .text                                    0x0800084c   Section       52  cpu_a.o(.text)
    .text                                    0x08000880   Section        0  lib_ascii.o(.text)
    .text                                    0x08000ad8   Section        0  lib_mem.o(.text)
    Mem_SegAlloc                             0x08000d0f   Thumb Code    80  lib_mem.o(.text)
    Mem_SegCalcTotSize                       0x08000d5f   Thumb Code   164  lib_mem.o(.text)
    Mem_PoolBlkIsValidAddr                   0x08001737   Thumb Code   102  lib_mem.o(.text)
    .text                                    0x08001a64   Section        0  lib_str.o(.text)
    Str_FmtNbr_Int32                         0x08001f1d   Thumb Code   476  lib_str.o(.text)
    Str_ParseNbr_Int32                       0x08002165   Thumb Code   446  lib_str.o(.text)
    .text                                    0x08002390   Section      544  lib_mem_a.o(.text)
    .text                                    0x080025b0   Section        0  os_cpu_c.o(.text)
    .text                                    0x0800283c   Section        0  os_cfg_app.o(.text)
    .text                                    0x08002840   Section        0  os_core.o(.text)
    .text                                    0x08003698   Section        0  os_dbg.o(.text)
    .text                                    0x08003844   Section        0  os_flag.o(.text)
    .text                                    0x08004850   Section        0  os_int.o(.text)
    .text                                    0x08004cac   Section        0  os_mem.o(.text)
    .text                                    0x08004f24   Section        0  os_msg.o(.text)
    .text                                    0x0800514c   Section        0  os_mutex.o(.text)
    .text                                    0x08005d8c   Section        0  os_q.o(.text)
    .text                                    0x0800678c   Section        0  os_sem.o(.text)
    .text                                    0x080070c0   Section        0  os_stat.o(.text)
    .text                                    0x08007798   Section        0  os_task.o(.text)
    .text                                    0x08009714   Section        0  os_tick.o(.text)
    OS_TickListUpdateTimeout                 0x08009715   Thumb Code   352  os_tick.o(.text)
    OS_TickListUpdateDly                     0x08009875   Thumb Code   290  os_tick.o(.text)
    .text                                    0x08009cfc   Section        0  os_time.o(.text)
    .text                                    0x0800a334   Section        0  os_tmr.o(.text)
    OS_TmrUnlock                             0x0800a335   Thumb Code    14  os_tmr.o(.text)
    OS_TmrLock                               0x0800a365   Thumb Code    20  os_tmr.o(.text)
    .text                                    0x0800aa1c   Section        0  os_prio.o(.text)
    .text                                    0x0800aa98   Section        0  bsp.o(.text)
    .text                                    0x0800ac10   Section        0  led.o(.text)
    Bsp_Led_Gpio_Init                        0x0800ac11   Thumb Code    40  led.o(.text)
    .text                                    0x0800ac60   Section        0  stm32f10x_it.o(.text)
    .text                                    0x0800ac84   Section        0  main.o(.text)
    Test_Idle                                0x0800ac85   Thumb Code    24  main.o(.text)
    Test_Task                                0x0800acd7   Thumb Code    54  main.o(.text)
    .text                                    0x0800ad88   Section        0  stm32f10x_flash.o(.text)
    .text                                    0x0800b344   Section        0  stm32f10x_gpio.o(.text)
    .text                                    0x0800b6a0   Section        0  stm32f10x_rcc.o(.text)
    .text                                    0x0800bba4   Section       36  init.o(.text)
    .text                                    0x0800bbc8   Section        0  __dczerorl.o(.text)
    CODE                                     0x0800bc04   Section      132  os_cpu_a.o(CODE)
    i.__scatterload_copy                     0x0800bc88   Section       14  handlers.o(i.__scatterload_copy)
    i.__scatterload_null                     0x0800bc96   Section        2  handlers.o(i.__scatterload_null)
    i.__scatterload_zeroinit                 0x0800bc98   Section       14  handlers.o(i.__scatterload_zeroinit)
    .constdata                               0x0800bca8   Section      260  cpu_core.o(.constdata)
    CPU_CntLeadZerosTbl                      0x0800bca8   Data         256  cpu_core.o(.constdata)
    .constdata                               0x0800bdac   Section      148  lib_str.o(.constdata)
    Str_MultOvfThTbl_Int32U                  0x0800bdac   Data         148  lib_str.o(.constdata)
    .constdata                               0x0800be40   Section      148  os_cfg_app.o(.constdata)
    .constdata                               0x0800bed4   Section      360  os_dbg.o(.constdata)
    .data                                    0x20000000   Section       20  system_stm32f10x.o(.data)
    .data                                    0x20000014   Section       28  cpu_core.o(.data)
    .data                                    0x20000030   Section        4  lib_mem.o(.data)
    .data                                    0x20000034   Section        4  os_cpu_c.o(.data)
    .data                                    0x20000038   Section      232  os_var.o(.data)
    .data                                    0x20000120   Section        4  os_prio.o(.data)
    .data                                    0x20000124   Section       20  stm32f10x_rcc.o(.data)
    APBAHBPrescTable                         0x20000124   Data          16  stm32f10x_rcc.o(.data)
    ADCPrescTable                            0x20000134   Data           4  stm32f10x_rcc.o(.data)
    .bss                                     0x20000138   Section       16  cpu_core.o(.bss)
    .bss                                     0x20000148   Section    27720  lib_mem.o(.bss)
    .bss                                     0x20006d90   Section     4992  os_cfg_app.o(.bss)
    .bss                                     0x20008110   Section     1420  os_var.o(.bss)
    .bss                                     0x2000869c   Section     2440  main.o(.bss)
    Test_Task_TCB                            0x2000869c   Data         196  main.o(.bss)
    Test_Idle_TCB                            0x20008760   Data         196  main.o(.bss)
    Test_Task_STK                            0x20008824   Data        1024  main.o(.bss)
    Test_Idle_STK                            0x20008c24   Data        1024  main.o(.bss)
    STACK                                    0x20009028   Section     1024  startup_stm32f10x_cl.o(STACK)

    Global Symbols

    Symbol Name                              Value     Ov Type        Size  Object(Section)

    BuildAttributes$$THM_ISAv4$P$D$K$B$S$PE$A:L22UL41UL21$X:L11$S22US41US21$IEEE1$IW$USESV6$~STKCKD$USESV7$~SHL$OSPACE$EBA8$MICROLIB$REQ8$PRES8$EABIv2 0x00000000   Number         0  anon$$obj.o ABSOLUTE
    __ARM_use_no_argv                        0x00000000   Number         0  main.o ABSOLUTE
    __cpp_initialize__aeabi_                  - Undefined Weak Reference
    __cxa_finalize                            - Undefined Weak Reference
    _clock_init                               - Undefined Weak Reference
    _microlib_exit                            - Undefined Weak Reference
    __Vectors_Size                           0x00000150   Number         0  startup_stm32f10x_cl.o ABSOLUTE
    __Vectors                                0x08000000   Data           4  startup_stm32f10x_cl.o(RESET)
    __Vectors_End                            0x08000150   Data           0  startup_stm32f10x_cl.o(RESET)
    __main                                   0x08000151   Thumb Code     0  entry.o(.ARM.Collect$$$$00000000)
    _main_stk                                0x08000151   Thumb Code     0  entry2.o(.ARM.Collect$$$$00000001)
    _main_scatterload                        0x08000155   Thumb Code     0  entry5.o(.ARM.Collect$$$$00000004)
    __main_after_scatterload                 0x08000159   Thumb Code     0  entry5.o(.ARM.Collect$$$$00000004)
    _main_clock                              0x08000159   Thumb Code     0  entry7b.o(.ARM.Collect$$$$00000008)
    _main_cpp_init                           0x08000159   Thumb Code     0  entry8b.o(.ARM.Collect$$$$0000000A)
    _main_init                               0x08000159   Thumb Code     0  entry9a.o(.ARM.Collect$$$$0000000B)
    __rt_final_cpp                           0x08000161   Thumb Code     0  entry10a.o(.ARM.Collect$$$$0000000D)
    __rt_final_exit                          0x08000161   Thumb Code     0  entry11a.o(.ARM.Collect$$$$0000000F)
    Reset_Handler                            0x08000165   Thumb Code     8  startup_stm32f10x_cl.o(.text)
    ADC1_2_IRQHandler                        0x0800017f   Thumb Code     0  startup_stm32f10x_cl.o(.text)
    CAN1_RX0_IRQHandler                      0x0800017f   Thumb Code     0  startup_stm32f10x_cl.o(.text)
    CAN1_RX1_IRQHandler                      0x0800017f   Thumb Code     0  startup_stm32f10x_cl.o(.text)
    CAN1_SCE_IRQHandler                      0x0800017f   Thumb Code     0  startup_stm32f10x_cl.o(.text)
    CAN1_TX_IRQHandler                       0x0800017f   Thumb Code     0  startup_stm32f10x_cl.o(.text)
    CAN2_RX0_IRQHandler                      0x0800017f   Thumb Code     0  startup_stm32f10x_cl.o(.text)
    CAN2_RX1_IRQHandler                      0x0800017f   Thumb Code     0  startup_stm32f10x_cl.o(.text)
    CAN2_SCE_IRQHandler                      0x0800017f   Thumb Code     0  startup_stm32f10x_cl.o(.text)
    CAN2_TX_IRQHandler                       0x0800017f   Thumb Code     0  startup_stm32f10x_cl.o(.text)
    DMA1_Channel1_IRQHandler                 0x0800017f   Thumb Code     0  startup_stm32f10x_cl.o(.text)
    DMA1_Channel2_IRQHandler                 0x0800017f   Thumb Code     0  startup_stm32f10x_cl.o(.text)
    DMA1_Channel3_IRQHandler                 0x0800017f   Thumb Code     0  startup_stm32f10x_cl.o(.text)
    DMA1_Channel4_IRQHandler                 0x0800017f   Thumb Code     0  startup_stm32f10x_cl.o(.text)
    DMA1_Channel5_IRQHandler                 0x0800017f   Thumb Code     0  startup_stm32f10x_cl.o(.text)
    DMA1_Channel6_IRQHandler                 0x0800017f   Thumb Code     0  startup_stm32f10x_cl.o(.text)
    DMA1_Channel7_IRQHandler                 0x0800017f   Thumb Code     0  startup_stm32f10x_cl.o(.text)
    DMA2_Channel1_IRQHandler                 0x0800017f   Thumb Code     0  startup_stm32f10x_cl.o(.text)
    DMA2_Channel2_IRQHandler                 0x0800017f   Thumb Code     0  startup_stm32f10x_cl.o(.text)
    DMA2_Channel3_IRQHandler                 0x0800017f   Thumb Code     0  startup_stm32f10x_cl.o(.text)
    DMA2_Channel4_IRQHandler                 0x0800017f   Thumb Code     0  startup_stm32f10x_cl.o(.text)
    DMA2_Channel5_IRQHandler                 0x0800017f   Thumb Code     0  startup_stm32f10x_cl.o(.text)
    ETH_IRQHandler                           0x0800017f   Thumb Code     0  startup_stm32f10x_cl.o(.text)
    ETH_WKUP_IRQHandler                      0x0800017f   Thumb Code     0  startup_stm32f10x_cl.o(.text)
    EXTI0_IRQHandler                         0x0800017f   Thumb Code     0  startup_stm32f10x_cl.o(.text)
    EXTI15_10_IRQHandler                     0x0800017f   Thumb Code     0  startup_stm32f10x_cl.o(.text)
    EXTI1_IRQHandler                         0x0800017f   Thumb Code     0  startup_stm32f10x_cl.o(.text)
    EXTI2_IRQHandler                         0x0800017f   Thumb Code     0  startup_stm32f10x_cl.o(.text)
    EXTI3_IRQHandler                         0x0800017f   Thumb Code     0  startup_stm32f10x_cl.o(.text)
    EXTI4_IRQHandler                         0x0800017f   Thumb Code     0  startup_stm32f10x_cl.o(.text)
    EXTI9_5_IRQHandler                       0x0800017f   Thumb Code     0  startup_stm32f10x_cl.o(.text)
    FLASH_IRQHandler                         0x0800017f   Thumb Code     0  startup_stm32f10x_cl.o(.text)
    I2C1_ER_IRQHandler                       0x0800017f   Thumb Code     0  startup_stm32f10x_cl.o(.text)
    I2C1_EV_IRQHandler                       0x0800017f   Thumb Code     0  startup_stm32f10x_cl.o(.text)
    I2C2_ER_IRQHandler                       0x0800017f   Thumb Code     0  startup_stm32f10x_cl.o(.text)
    I2C2_EV_IRQHandler                       0x0800017f   Thumb Code     0  startup_stm32f10x_cl.o(.text)
    OTG_FS_IRQHandler                        0x0800017f   Thumb Code     0  startup_stm32f10x_cl.o(.text)
    OTG_FS_WKUP_IRQHandler                   0x0800017f   Thumb Code     0  startup_stm32f10x_cl.o(.text)
    PVD_IRQHandler                           0x0800017f   Thumb Code     0  startup_stm32f10x_cl.o(.text)
    RCC_IRQHandler                           0x0800017f   Thumb Code     0  startup_stm32f10x_cl.o(.text)
    RTCAlarm_IRQHandler                      0x0800017f   Thumb Code     0  startup_stm32f10x_cl.o(.text)
    RTC_IRQHandler                           0x0800017f   Thumb Code     0  startup_stm32f10x_cl.o(.text)
    SPI1_IRQHandler                          0x0800017f   Thumb Code     0  startup_stm32f10x_cl.o(.text)
    SPI2_IRQHandler                          0x0800017f   Thumb Code     0  startup_stm32f10x_cl.o(.text)
    SPI3_IRQHandler                          0x0800017f   Thumb Code     0  startup_stm32f10x_cl.o(.text)
    TAMPER_IRQHandler                        0x0800017f   Thumb Code     0  startup_stm32f10x_cl.o(.text)
    TIM1_BRK_IRQHandler                      0x0800017f   Thumb Code     0  startup_stm32f10x_cl.o(.text)
    TIM1_CC_IRQHandler                       0x0800017f   Thumb Code     0  startup_stm32f10x_cl.o(.text)
    TIM1_TRG_COM_IRQHandler                  0x0800017f   Thumb Code     0  startup_stm32f10x_cl.o(.text)
    TIM1_UP_IRQHandler                       0x0800017f   Thumb Code     0  startup_stm32f10x_cl.o(.text)
    TIM3_IRQHandler                          0x0800017f   Thumb Code     0  startup_stm32f10x_cl.o(.text)
    TIM4_IRQHandler                          0x0800017f   Thumb Code     0  startup_stm32f10x_cl.o(.text)
    TIM5_IRQHandler                          0x0800017f   Thumb Code     0  startup_stm32f10x_cl.o(.text)
    TIM6_IRQHandler                          0x0800017f   Thumb Code     0  startup_stm32f10x_cl.o(.text)
    TIM7_IRQHandler                          0x0800017f   Thumb Code     0  startup_stm32f10x_cl.o(.text)
    UART5_IRQHandler                         0x0800017f   Thumb Code     0  startup_stm32f10x_cl.o(.text)
    WWDG_IRQHandler                          0x0800017f   Thumb Code     0  startup_stm32f10x_cl.o(.text)
    SystemInit                               0x08000299   Thumb Code    92  system_stm32f10x.o(.text)
    SystemCoreClockUpdate                    0x080002f5   Thumb Code   232  system_stm32f10x.o(.text)
    CPU_IntDisMeasStop                       0x0800040d   Thumb Code    62  cpu_core.o(.text)
    CPU_IntDisMeasStart                      0x0800044b   Thumb Code    38  cpu_core.o(.text)
    CPU_NameClr                              0x08000471   Thumb Code    50  cpu_core.o(.text)
    CPU_Init                                 0x08000521   Thumb Code    16  cpu_core.o(.text)
    CPU_SW_Exception                         0x08000531   Thumb Code     4  cpu_core.o(.text)
    CPU_NameGet                              0x08000535   Thumb Code    78  cpu_core.o(.text)
    CPU_NameSet                              0x08000583   Thumb Code   104  cpu_core.o(.text)
    CPU_TS_Get32                             0x080005eb   Thumb Code    12  cpu_core.o(.text)
    CPU_TS_Update                            0x080005f7   Thumb Code     2  cpu_core.o(.text)
    CPU_TS_TmrFreqGet                        0x080005f9   Thumb Code    30  cpu_core.o(.text)
    CPU_TS_TmrFreqSet                        0x08000617   Thumb Code     6  cpu_core.o(.text)
    CPU_IntDisMeasMaxCurGet                  0x08000635   Thumb Code    40  cpu_core.o(.text)
    CPU_IntDisMeasMaxCurReset                0x0800065d   Thumb Code    40  cpu_core.o(.text)
    CPU_IntDisMeasMaxGet                     0x08000685   Thumb Code    40  cpu_core.o(.text)
    CPU_CntLeadZeros08                       0x080006ad   Thumb Code    18  cpu_core.o(.text)
    CPU_CntLeadZeros16                       0x080006bf   Thumb Code    18  cpu_core.o(.text)
    CPU_CntLeadZeros32                       0x080006d1   Thumb Code    18  cpu_core.o(.text)
    CPU_CntLeadZeros64                       0x080006e3   Thumb Code   192  cpu_core.o(.text)
    CPU_CntTrailZeros08                      0x080007a3   Thumb Code    22  cpu_core.o(.text)
    CPU_CntTrailZeros16                      0x080007b9   Thumb Code    22  cpu_core.o(.text)
    CPU_CntTrailZeros32                      0x080007cf   Thumb Code    22  cpu_core.o(.text)
    CPU_CntTrailZeros64                      0x080007e5   Thumb Code   104  cpu_core.o(.text)
    CPU_IntDis                               0x0800084d   Thumb Code     0  cpu_a.o(.text)
    CPU_IntEn                                0x08000851   Thumb Code     0  cpu_a.o(.text)
    CPU_SR_Save                              0x08000855   Thumb Code     0  cpu_a.o(.text)
    CPU_SR_Restore                           0x0800085d   Thumb Code     0  cpu_a.o(.text)
    CPU_WaitForInt                           0x08000863   Thumb Code     0  cpu_a.o(.text)
    CPU_WaitForExcept                        0x08000867   Thumb Code     0  cpu_a.o(.text)
    CPU_CntLeadZeros                         0x0800086b   Thumb Code     0  cpu_a.o(.text)
    CPU_CntTrailZeros                        0x08000871   Thumb Code     0  cpu_a.o(.text)
    CPU_RevBits                              0x0800087b   Thumb Code     0  cpu_a.o(.text)
    ASCII_IsAlpha                            0x08000881   Thumb Code    48  lib_ascii.o(.text)
    ASCII_IsAlphaNum                         0x080008b1   Thumb Code    76  lib_ascii.o(.text)
    ASCII_IsLower                            0x080008fd   Thumb Code    20  lib_ascii.o(.text)
    ASCII_IsUpper                            0x08000911   Thumb Code    20  lib_ascii.o(.text)
    ASCII_IsDig                              0x08000925   Thumb Code    20  lib_ascii.o(.text)
    ASCII_IsDigOct                           0x08000939   Thumb Code    20  lib_ascii.o(.text)
    ASCII_IsDigHex                           0x0800094d   Thumb Code    36  lib_ascii.o(.text)
    ASCII_IsBlank                            0x08000971   Thumb Code    20  lib_ascii.o(.text)
    ASCII_IsSpace                            0x08000985   Thumb Code    36  lib_ascii.o(.text)
    ASCII_IsPrint                            0x080009a9   Thumb Code    20  lib_ascii.o(.text)
    ASCII_IsGraph                            0x080009bd   Thumb Code    20  lib_ascii.o(.text)
    ASCII_IsPunct                            0x080009d1   Thumb Code   134  lib_ascii.o(.text)
    ASCII_IsCtrl                             0x08000a57   Thumb Code    26  lib_ascii.o(.text)
    ASCII_ToLower                            0x08000a71   Thumb Code    32  lib_ascii.o(.text)
    ASCII_ToUpper                            0x08000a91   Thumb Code    32  lib_ascii.o(.text)
    ASCII_Cmp                                0x08000ab1   Thumb Code    38  lib_ascii.o(.text)
    Mem_Init                                 0x08000ad9   Thumb Code    54  lib_mem.o(.text)
    Mem_Set                                  0x08000b0f   Thumb Code    98  lib_mem.o(.text)
    Mem_Clr                                  0x08000b71   Thumb Code    18  lib_mem.o(.text)
    Mem_Move                                 0x08000b83   Thumb Code   204  lib_mem.o(.text)
    Mem_Cmp                                  0x08000c4f   Thumb Code   192  lib_mem.o(.text)
    Mem_HeapAlloc                            0x08000e03   Thumb Code   274  lib_mem.o(.text)
    Mem_SegGetSizeRem                        0x08000f15   Thumb Code   226  lib_mem.o(.text)
    Mem_HeapGetSizeRem                       0x08000ff7   Thumb Code    22  lib_mem.o(.text)
    Mem_PoolClr                              0x0800100d   Thumb Code    78  lib_mem.o(.text)
    Mem_PoolCreate                           0x0800105b   Thumb Code  1132  lib_mem.o(.text)
    Mem_PoolBlkGetNbrAvail                   0x080014c7   Thumb Code   140  lib_mem.o(.text)
    Mem_PoolBlkGet                           0x08001553   Thumb Code   248  lib_mem.o(.text)
    Mem_PoolBlkGetUsedAtIx                   0x0800164b   Thumb Code   236  lib_mem.o(.text)
    Mem_PoolBlkFree                          0x0800179d   Thumb Code   366  lib_mem.o(.text)
    Mem_PoolBlkIxGet                         0x0800190b   Thumb Code   342  lib_mem.o(.text)
    Str_Len_N                                0x08001a65   Thumb Code    28  lib_str.o(.text)
    Str_Len                                  0x08001a81   Thumb Code    20  lib_str.o(.text)
    Str_Copy_N                               0x08001a95   Thumb Code    70  lib_str.o(.text)
    Str_Copy                                 0x08001adb   Thumb Code    24  lib_str.o(.text)
    Str_Cat_N                                0x08001af3   Thumb Code    90  lib_str.o(.text)
    Str_Cat                                  0x08001b4d   Thumb Code    24  lib_str.o(.text)
    Str_Cmp_N                                0x08001b65   Thumb Code   156  lib_str.o(.text)
    Str_Cmp                                  0x08001c01   Thumb Code    24  lib_str.o(.text)
    Str_CmpIgnoreCase_N                      0x08001c19   Thumb Code   264  lib_str.o(.text)
    Str_CmpIgnoreCase                        0x08001d21   Thumb Code    24  lib_str.o(.text)
    Str_Char_N                               0x08001d39   Thumb Code    74  lib_str.o(.text)
    Str_Char                                 0x08001d83   Thumb Code    24  lib_str.o(.text)
    Str_Char_Last_N                          0x08001d9b   Thumb Code    76  lib_str.o(.text)
    Str_Char_Last                            0x08001de7   Thumb Code    24  lib_str.o(.text)
    Str_Char_Replace_N                       0x08001dff   Thumb Code    52  lib_str.o(.text)
    Str_Char_Replace                         0x08001e33   Thumb Code    28  lib_str.o(.text)
    Str_Str_N                                0x08001e4f   Thumb Code   182  lib_str.o(.text)
    Str_Str                                  0x08001f05   Thumb Code    24  lib_str.o(.text)
    Str_FmtNbr_Int32U                        0x080020f9   Thumb Code    46  lib_str.o(.text)
    Str_FmtNbr_Int32S                        0x08002127   Thumb Code    62  lib_str.o(.text)
    Str_ParseNbr_Int32U                      0x08002323   Thumb Code    30  lib_str.o(.text)
    Str_ParseNbr_Int32S                      0x08002341   Thumb Code    74  lib_str.o(.text)
    Mem_Copy                                 0x08002391   Thumb Code     0  lib_mem_a.o(.text)
    OSIdleTaskHook                           0x080025b1   Thumb Code    16  os_cpu_c.o(.text)
    OSInitHook                               0x080025c1   Thumb Code    42  os_cpu_c.o(.text)
    OSStatTaskHook                           0x080025eb   Thumb Code    16  os_cpu_c.o(.text)
    OSTaskCreateHook                         0x080025fb   Thumb Code    20  os_cpu_c.o(.text)
    OSTaskDelHook                            0x0800260f   Thumb Code    20  os_cpu_c.o(.text)
    OSTaskReturnHook                         0x08002623   Thumb Code    20  os_cpu_c.o(.text)
    OSTaskStkInit                            0x08002637   Thumb Code   188  os_cpu_c.o(.text)
    OSTaskSwHook                             0x080026f3   Thumb Code   146  os_cpu_c.o(.text)
    OSTimeTickHook                           0x08002785   Thumb Code    16  os_cpu_c.o(.text)
    OS_CPU_SysTickHandler                    0x08002795   Thumb Code    60  os_cpu_c.o(.text)
    OS_CPU_SysTickInit                       0x080027d1   Thumb Code    44  os_cpu_c.o(.text)
    OSCfg_Init                               0x0800283d   Thumb Code     2  os_cfg_app.o(.text)
    OS_IdleTask                              0x08002841   Thumb Code    66  os_core.o(.text)
    OS_IdleTaskInit                          0x08002883   Thumb Code    68  os_core.o(.text)
    OS_RdyListInit                           0x080028c7   Thumb Code    32  os_core.o(.text)
    OSInit                                   0x080028e7   Thumb Code   300  os_core.o(.text)
    OSIntEnter                               0x08002a13   Thumb Code    34  os_core.o(.text)
    OSIntExit                                0x08002a35   Thumb Code   192  os_core.o(.text)
    OSSched                                  0x08002af5   Thumb Code   134  os_core.o(.text)
    OS_SchedLockTimeMeasStart                0x08002b7b   Thumb Code    20  os_core.o(.text)
    OSSchedLock                              0x08002b8f   Thumb Code   112  os_core.o(.text)
    OS_SchedLockTimeMeasStop                 0x08002bff   Thumb Code    44  os_core.o(.text)
    OSSchedUnlock                            0x08002c2b   Thumb Code   300  os_core.o(.text)
    OSSchedRoundRobinCfg                     0x08002d57   Thumb Code    96  os_core.o(.text)
    OS_RdyListMoveHeadToTail                 0x08002db7   Thumb Code    68  os_core.o(.text)
    OSSchedRoundRobinYield                   0x08002dfb   Thumb Code   176  os_core.o(.text)
    OSStart                                  0x08002eab   Thumb Code    78  os_core.o(.text)
    OSVersion                                0x08002ef9   Thumb Code    12  os_core.o(.text)
    OS_PendDbgNameAdd                        0x08002f05   Thumb Code    66  os_core.o(.text)
    OS_PendListInsertPrio                    0x08002f47   Thumb Code   102  os_core.o(.text)
    OS_PendDataInit                          0x08002fad   Thumb Code    38  os_core.o(.text)
    OS_RdyListRemove                         0x08002fd3   Thumb Code    86  os_core.o(.text)
    OS_TaskBlock                             0x08003029   Thumb Code    40  os_core.o(.text)
    OS_Pend                                  0x08003051   Thumb Code    98  os_core.o(.text)
    OS_PendListRemove1                       0x080030b3   Thumb Code   140  os_core.o(.text)
    OS_PendListRemove                        0x0800313f   Thumb Code    48  os_core.o(.text)
    OS_PendAbort1                            0x0800316f   Thumb Code    36  os_core.o(.text)
    OS_RdyListInsertHead                     0x08003193   Thumb Code    58  os_core.o(.text)
    OS_RdyListInsertTail                     0x080031cd   Thumb Code    56  os_core.o(.text)
    OS_RdyListInsert                         0x08003205   Thumb Code    40  os_core.o(.text)
    OS_PendAbort                             0x0800322d   Thumb Code   180  os_core.o(.text)
    OS_PendDbgNameRemove                     0x080032e1   Thumb Code    34  os_core.o(.text)
    OS_PendListChangePrio                    0x08003303   Thumb Code    70  os_core.o(.text)
    OS_PendListInit                          0x08003349   Thumb Code    10  os_core.o(.text)
    OS_PendListInsertHead                    0x08003353   Thumb Code    32  os_core.o(.text)
    OS_PendObjDel1                           0x08003373   Thumb Code    36  os_core.o(.text)
    OS_PendObjDel                            0x08003397   Thumb Code   176  os_core.o(.text)
    OS_Post1                                 0x08003447   Thumb Code    42  os_core.o(.text)
    OS_Post                                  0x08003471   Thumb Code   214  os_core.o(.text)
    OS_Sched0                                0x08003547   Thumb Code   102  os_core.o(.text)
    OS_SchedRoundRobin                       0x080035ad   Thumb Code   218  os_core.o(.text)
    OS_Dbg_Init                              0x08003699   Thumb Code   148  os_dbg.o(.text)
    OS_FlagDbgListAdd                        0x08003845   Thumb Code    38  os_flag.o(.text)
    OSFlagCreate                             0x0800386b   Thumb Code   210  os_flag.o(.text)
    OS_FlagClr                               0x0800393d   Thumb Code    28  os_flag.o(.text)
    OS_FlagDbgListRemove                     0x08003959   Thumb Code    44  os_flag.o(.text)
    OSFlagDel                                0x08003985   Thumb Code   732  os_flag.o(.text)
    OS_FlagBlock                             0x08003c61   Thumb Code    56  os_flag.o(.text)
    OSFlagPend                               0x08003c99   Thumb Code  1670  os_flag.o(.text)
    OSFlagPendAbort                          0x0800431f   Thumb Code   334  os_flag.o(.text)
    OSFlagPendGetFlagsRdy                    0x0800446d   Thumb Code    92  os_flag.o(.text)
    OS_FlagTaskRdy                           0x080044c9   Thumb Code   100  os_flag.o(.text)
    OS_FlagPost                              0x0800452d   Thumb Code   614  os_flag.o(.text)
    OSFlagPost                               0x08004793   Thumb Code   146  os_flag.o(.text)
    OS_FlagInit                              0x08004825   Thumb Code    14  os_flag.o(.text)
    OS_IntQPost                              0x08004851   Thumb Code   224  os_int.o(.text)
    OS_IntQRePost                            0x08004931   Thumb Code   360  os_int.o(.text)
    OS_IntQTask                              0x08004a99   Thumb Code   180  os_int.o(.text)
    OS_IntQTaskInit                          0x08004b4d   Thumb Code   208  os_int.o(.text)
    OS_MemDbgListAdd                         0x08004cad   Thumb Code    34  os_mem.o(.text)
    OSMemCreate                              0x08004ccf   Thumb Code   326  os_mem.o(.text)
    OSMemGet                                 0x08004e15   Thumb Code   112  os_mem.o(.text)
    OSMemPut                                 0x08004e85   Thumb Code   124  os_mem.o(.text)
    OS_MemInit                               0x08004f01   Thumb Code    14  os_mem.o(.text)
    OS_MsgPoolInit                           0x08004f25   Thumb Code   110  os_msg.o(.text)
    OS_MsgQFreeAll                           0x08004f93   Thumb Code    62  os_msg.o(.text)
    OS_MsgQInit                              0x08004fd1   Thumb Code    14  os_msg.o(.text)
    OS_MsgQGet                               0x08004fdf   Thumb Code    98  os_msg.o(.text)
    OS_MsgQPut                               0x08005041   Thumb Code   254  os_msg.o(.text)
    OS_MutexDbgListAdd                       0x0800514d   Thumb Code    38  os_mutex.o(.text)
    OSMutexCreate                            0x08005173   Thumb Code   216  os_mutex.o(.text)
    OS_MutexClr                              0x0800524b   Thumb Code    38  os_mutex.o(.text)
    OS_MutexDbgListRemove                    0x08005271   Thumb Code    44  os_mutex.o(.text)
    OSMutexDel                               0x0800529d   Thumb Code   960  os_mutex.o(.text)
    OSMutexPend                              0x0800565d   Thumb Code   812  os_mutex.o(.text)
    OSMutexPendAbort                         0x08005989   Thumb Code   334  os_mutex.o(.text)
    OSMutexPost                              0x08005ad7   Thumb Code   646  os_mutex.o(.text)
    OS_MutexInit                             0x08005d5d   Thumb Code    14  os_mutex.o(.text)
    OS_QDbgListAdd                           0x08005d8d   Thumb Code    38  os_q.o(.text)
    OSQCreate                                0x08005db3   Thumb Code   224  os_q.o(.text)
    OS_QClr                                  0x08005e93   Thumb Code    40  os_q.o(.text)
    OS_QDbgListRemove                        0x08005ebb   Thumb Code    44  os_q.o(.text)
    OSQDel                                   0x08005ee7   Thumb Code   414  os_q.o(.text)
    OSQFlush                                 0x08006085   Thumb Code   288  os_q.o(.text)
    OSQPend                                  0x080061a5   Thumb Code   560  os_q.o(.text)
    OSQPendAbort                             0x080063d5   Thumb Code   334  os_q.o(.text)
    OS_QPost                                 0x08006523   Thumb Code   402  os_q.o(.text)
    OSQPost                                  0x080066b5   Thumb Code   176  os_q.o(.text)
    OS_QInit                                 0x08006765   Thumb Code    14  os_q.o(.text)
    OS_SemDbgListAdd                         0x0800678d   Thumb Code    38  os_sem.o(.text)
    OSSemCreate                              0x080067b3   Thumb Code   210  os_sem.o(.text)
    OS_SemClr                                0x08006885   Thumb Code    28  os_sem.o(.text)
    OS_SemDbgListRemove                      0x080068a1   Thumb Code    44  os_sem.o(.text)
    OSSemDel                                 0x080068cd   Thumb Code   414  os_sem.o(.text)
    OSSemPend                                0x08006a6b   Thumb Code   562  os_sem.o(.text)
    OSSemPendAbort                           0x08006c9d   Thumb Code   334  os_sem.o(.text)
    OS_SemPost                               0x08006deb   Thumb Code   404  os_sem.o(.text)
    OSSemPost                                0x08006f7f   Thumb Code   162  os_sem.o(.text)
    OSSemSet                                 0x08007021   Thumb Code   128  os_sem.o(.text)
    OS_SemInit                               0x080070a1   Thumb Code    14  os_sem.o(.text)
    OSStatReset                              0x080070c1   Thumb Code   316  os_stat.o(.text)
    OSStatTaskCPUUsageInit                   0x080071fd   Thumb Code   228  os_stat.o(.text)
    OS_StatTask                              0x080072e1   Thumb Code   982  os_stat.o(.text)
    OS_StatTaskInit                          0x080076b7   Thumb Code   138  os_stat.o(.text)
    OSTaskChangePrio                         0x08007799   Thumb Code   482  os_task.o(.text)
    OS_TaskDbgListAdd                        0x0800797b   Thumb Code    42  os_task.o(.text)
    OS_TaskInitTCB                           0x080079a5   Thumb Code   184  os_task.o(.text)
    OSTaskCreate                             0x08007a5d   Thumb Code   672  os_task.o(.text)
    OS_TaskDbgListRemove                     0x08007cfd   Thumb Code    64  os_task.o(.text)
    OSTaskDel                                0x08007d3d   Thumb Code   490  os_task.o(.text)
    OSTaskQFlush                             0x08007f27   Thumb Code   302  os_task.o(.text)
    OSTaskQPend                              0x08008055   Thumb Code   572  os_task.o(.text)
    OSTaskQPendAbort                         0x08008291   Thumb Code   288  os_task.o(.text)
    OS_TaskQPost                             0x080083b1   Thumb Code   624  os_task.o(.text)
    OSTaskQPost                              0x08008621   Thumb Code   114  os_task.o(.text)
    OSTaskRegGet                             0x08008693   Thumb Code    86  os_task.o(.text)
    OSTaskRegGetID                           0x080086e9   Thumb Code    96  os_task.o(.text)
    OSTaskRegSet                             0x08008749   Thumb Code    86  os_task.o(.text)
    OS_TaskResume                            0x0800879f   Thumb Code   398  os_task.o(.text)
    OSTaskResume                             0x0800892d   Thumb Code   124  os_task.o(.text)
    OSTaskSemPend                            0x080089a9   Thumb Code   578  os_task.o(.text)
    OSTaskSemPendAbort                       0x08008beb   Thumb Code   342  os_task.o(.text)
    OS_TaskSemPost                           0x08008d41   Thumb Code  1438  os_task.o(.text)
    OSTaskSemPost                            0x080092df   Thumb Code    98  os_task.o(.text)
    OSTaskSemSet                             0x08009341   Thumb Code    88  os_task.o(.text)
    OSTaskStkChk                             0x08009399   Thumb Code   220  os_task.o(.text)
    OS_TaskSuspend                           0x08009475   Thumb Code   414  os_task.o(.text)
    OSTaskSuspend                            0x08009613   Thumb Code    78  os_task.o(.text)
    OSTaskTimeQuantaSet                      0x08009661   Thumb Code   104  os_task.o(.text)
    OS_TaskInit                              0x080096c9   Thumb Code    18  os_task.o(.text)
    OS_TaskReturn                            0x080096db   Thumb Code    20  os_task.o(.text)
    OS_TickTask                              0x08009997   Thumb Code   244  os_tick.o(.text)
    OS_TickTaskInit                          0x08009a8b   Thumb Code   214  os_tick.o(.text)
    OS_TickListInsert                        0x08009b61   Thumb Code   134  os_tick.o(.text)
    OS_TickListInsertDly                     0x08009be7   Thumb Code   180  os_tick.o(.text)
    OS_TickListRemove                        0x08009c9b   Thumb Code    88  os_tick.o(.text)
    OS_TickListResetPeak                     0x08009cf3   Thumb Code     2  os_tick.o(.text)
    OSTimeDly                                0x08009cfd   Thumb Code   312  os_time.o(.text)
    OSTimeDlyHMSM                            0x08009e35   Thumb Code   526  os_time.o(.text)
    OSTimeDlyResume                          0x0800a043   Thumb Code   572  os_time.o(.text)
    OSTimeGet                                0x0800a27f   Thumb Code    54  os_time.o(.text)
    OSTimeSet                                0x0800a2b5   Thumb Code    54  os_time.o(.text)
    OSTimeTick                               0x0800a2eb   Thumb Code    54  os_time.o(.text)
    OS_TmrDbgListAdd                         0x0800a343   Thumb Code    34  os_tmr.o(.text)
    OSTmrCreate                              0x0800a379   Thumb Code   166  os_tmr.o(.text)
    OS_TmrClr                                0x0800a41f   Thumb Code    34  os_tmr.o(.text)
    OS_TmrUnlink                             0x0800a441   Thumb Code    58  os_tmr.o(.text)
    OS_TmrDbgListRemove                      0x0800a47b   Thumb Code    44  os_tmr.o(.text)
    OSTmrDel                                 0x0800a4a7   Thumb Code   182  os_tmr.o(.text)
    OSTmrRemainGet                           0x0800a55d   Thumb Code   154  os_tmr.o(.text)
    OSTmrStart                               0x0800a5f7   Thumb Code   248  os_tmr.o(.text)
    OSTmrStateGet                            0x0800a6ef   Thumb Code   140  os_tmr.o(.text)
    OSTmrStop                                0x0800a77b   Thumb Code   222  os_tmr.o(.text)
    OS_TmrTask                               0x0800a859   Thumb Code   134  os_tmr.o(.text)
    OS_TmrInit                               0x0800a8df   Thumb Code   202  os_tmr.o(.text)
    OS_TmrResetPeak                          0x0800a9a9   Thumb Code     2  os_tmr.o(.text)
    OS_PrioInit                              0x0800aa1d   Thumb Code    20  os_prio.o(.text)
    OS_PrioGetHighest                        0x0800aa31   Thumb Code    36  os_prio.o(.text)
    OS_PrioInsert                            0x0800aa55   Thumb Code    32  os_prio.o(.text)
    OS_PrioRemove                            0x0800aa75   Thumb Code    32  os_prio.o(.text)
    RCC_Configuration                        0x0800aa99   Thumb Code   188  bsp.o(.text)
    SysTick_init                             0x0800ab55   Thumb Code    84  bsp.o(.text)
    Bsp_Init                                 0x0800aba9   Thumb Code    16  bsp.o(.text)
    BSP_CPU_ClkFreq                          0x0800abb9   Thumb Code    16  bsp.o(.text)
    CPU_TS_TmrInit                           0x0800abc9   Thumb Code    48  bsp.o(.text)
    CPU_TS_TmrRd                             0x0800abf9   Thumb Code     6  bsp.o(.text)
    Led_On                                   0x0800ac39   Thumb Code    14  led.o(.text)
    Led_Off                                  0x0800ac47   Thumb Code    14  led.o(.text)
    Bsp_Led_Init                             0x0800ac55   Thumb Code     8  led.o(.text)
    NMI_Handler                              0x0800ac61   Thumb Code     2  stm32f10x_it.o(.text)
    HardFault_Handler                        0x0800ac63   Thumb Code     4  stm32f10x_it.o(.text)
    MemManage_Handler                        0x0800ac67   Thumb Code     4  stm32f10x_it.o(.text)
    BusFault_Handler                         0x0800ac6b   Thumb Code     4  stm32f10x_it.o(.text)
    UsageFault_Handler                       0x0800ac6f   Thumb Code     4  stm32f10x_it.o(.text)
    SVC_Handler                              0x0800ac73   Thumb Code     2  stm32f10x_it.o(.text)
    DebugMon_Handler                         0x0800ac75   Thumb Code     2  stm32f10x_it.o(.text)
    PendSV_Handler                           0x0800ac77   Thumb Code     2  stm32f10x_it.o(.text)
    SysTick_Handler                          0x0800ac79   Thumb Code     2  stm32f10x_it.o(.text)
    TIM2_IRQHandler                          0x0800ac7b   Thumb Code     2  stm32f10x_it.o(.text)
    USART1_IRQHandler                        0x0800ac7d   Thumb Code     2  stm32f10x_it.o(.text)
    USART2_IRQHandler                        0x0800ac7f   Thumb Code     2  stm32f10x_it.o(.text)
    USART3_IRQHandler                        0x0800ac81   Thumb Code     2  stm32f10x_it.o(.text)
    UART4_IRQHandler                         0x0800ac83   Thumb Code     2  stm32f10x_it.o(.text)
    TaskCreateAppTask                        0x0800ac9d   Thumb Code    58  main.o(.text)
    TaskCreate                               0x0800ad0d   Thumb Code    58  main.o(.text)
    main                                     0x0800ad47   Thumb Code    26  main.o(.text)
    FLASH_SetLatency                         0x0800ad89   Thumb Code    18  stm32f10x_flash.o(.text)
    FLASH_HalfCycleAccessCmd                 0x0800ad9b   Thumb Code    22  stm32f10x_flash.o(.text)
    FLASH_PrefetchBufferCmd                  0x0800adb1   Thumb Code    22  stm32f10x_flash.o(.text)
    FLASH_Unlock                             0x0800adc7   Thumb Code    12  stm32f10x_flash.o(.text)
    FLASH_UnlockBank1                        0x0800add3   Thumb Code    12  stm32f10x_flash.o(.text)
    FLASH_Lock                               0x0800addf   Thumb Code    14  stm32f10x_flash.o(.text)
    FLASH_LockBank1                          0x0800aded   Thumb Code    14  stm32f10x_flash.o(.text)
    FLASH_GetBank1Status                     0x0800adfb   Thumb Code    48  stm32f10x_flash.o(.text)
    FLASH_WaitForLastOperation               0x0800ae2b   Thumb Code    38  stm32f10x_flash.o(.text)
    FLASH_ErasePage                          0x0800ae51   Thumb Code    72  stm32f10x_flash.o(.text)
    FLASH_EraseAllPages                      0x0800ae99   Thumb Code    68  stm32f10x_flash.o(.text)
    FLASH_WaitForLastBank1Operation          0x0800aedd   Thumb Code    38  stm32f10x_flash.o(.text)
    FLASH_EraseAllBank1Pages                 0x0800af03   Thumb Code    68  stm32f10x_flash.o(.text)
    FLASH_GetReadOutProtectionStatus         0x0800af47   Thumb Code    20  stm32f10x_flash.o(.text)
    FLASH_EraseOptionBytes                   0x0800af5b   Thumb Code   150  stm32f10x_flash.o(.text)
    FLASH_ProgramWord                        0x0800aff1   Thumb Code   102  stm32f10x_flash.o(.text)
    FLASH_ProgramHalfWord                    0x0800b057   Thumb Code    60  stm32f10x_flash.o(.text)
    FLASH_ProgramOptionByteData              0x0800b093   Thumb Code    72  stm32f10x_flash.o(.text)
    FLASH_EnableWriteProtection              0x0800b0db   Thumb Code   200  stm32f10x_flash.o(.text)
    FLASH_ReadOutProtection                  0x0800b1a3   Thumb Code   156  stm32f10x_flash.o(.text)
    FLASH_UserOptionByteConfig               0x0800b23f   Thumb Code    88  stm32f10x_flash.o(.text)
    FLASH_GetUserOptionByte                  0x0800b297   Thumb Code     8  stm32f10x_flash.o(.text)
    FLASH_GetWriteProtectionOptionByte       0x0800b29f   Thumb Code     6  stm32f10x_flash.o(.text)
    FLASH_GetPrefetchBufferStatus            0x0800b2a5   Thumb Code    20  stm32f10x_flash.o(.text)
    FLASH_ITConfig                           0x0800b2b9   Thumb Code    26  stm32f10x_flash.o(.text)
    FLASH_GetFlagStatus                      0x0800b2d3   Thumb Code    42  stm32f10x_flash.o(.text)
    FLASH_ClearFlag                          0x0800b2fd   Thumb Code     6  stm32f10x_flash.o(.text)
    FLASH_GetStatus                          0x0800b303   Thumb Code    48  stm32f10x_flash.o(.text)
    GPIO_DeInit                              0x0800b345   Thumb Code   172  stm32f10x_gpio.o(.text)
    GPIO_AFIODeInit                          0x0800b3f1   Thumb Code    20  stm32f10x_gpio.o(.text)
    GPIO_Init                                0x0800b405   Thumb Code   278  stm32f10x_gpio.o(.text)
    GPIO_StructInit                          0x0800b51b   Thumb Code    16  stm32f10x_gpio.o(.text)
    GPIO_ReadInputDataBit                    0x0800b52b   Thumb Code    18  stm32f10x_gpio.o(.text)
    GPIO_ReadInputData                       0x0800b53d   Thumb Code     8  stm32f10x_gpio.o(.text)
    GPIO_ReadOutputDataBit                   0x0800b545   Thumb Code    18  stm32f10x_gpio.o(.text)
    GPIO_ReadOutputData                      0x0800b557   Thumb Code     8  stm32f10x_gpio.o(.text)
    GPIO_SetBits                             0x0800b55f   Thumb Code     4  stm32f10x_gpio.o(.text)
    GPIO_ResetBits                           0x0800b563   Thumb Code     4  stm32f10x_gpio.o(.text)
    GPIO_WriteBit                            0x0800b567   Thumb Code    10  stm32f10x_gpio.o(.text)
    GPIO_Write                               0x0800b571   Thumb Code     4  stm32f10x_gpio.o(.text)
    GPIO_PinLockConfig                       0x0800b575   Thumb Code    18  stm32f10x_gpio.o(.text)
    GPIO_EventOutputConfig                   0x0800b587   Thumb Code    26  stm32f10x_gpio.o(.text)
    GPIO_EventOutputCmd                      0x0800b5a1   Thumb Code     6  stm32f10x_gpio.o(.text)
    GPIO_PinRemapConfig                      0x0800b5a7   Thumb Code   138  stm32f10x_gpio.o(.text)
    GPIO_EXTILineConfig                      0x0800b631   Thumb Code    66  stm32f10x_gpio.o(.text)
    GPIO_ETH_MediaInterfaceConfig            0x0800b673   Thumb Code     8  stm32f10x_gpio.o(.text)
    RCC_DeInit                               0x0800b6a1   Thumb Code    78  stm32f10x_rcc.o(.text)
    RCC_HSEConfig                            0x0800b6ef   Thumb Code    70  stm32f10x_rcc.o(.text)
    RCC_GetFlagStatus                        0x0800b735   Thumb Code    56  stm32f10x_rcc.o(.text)
    RCC_WaitForHSEStartUp                    0x0800b76d   Thumb Code    56  stm32f10x_rcc.o(.text)
    RCC_AdjustHSICalibrationValue            0x0800b7a5   Thumb Code    20  stm32f10x_rcc.o(.text)
    RCC_HSICmd                               0x0800b7b9   Thumb Code     6  stm32f10x_rcc.o(.text)
    RCC_PLLConfig                            0x0800b7bf   Thumb Code    24  stm32f10x_rcc.o(.text)
    RCC_PLLCmd                               0x0800b7d7   Thumb Code     6  stm32f10x_rcc.o(.text)
    RCC_PREDIV1Config                        0x0800b7dd   Thumb Code    24  stm32f10x_rcc.o(.text)
    RCC_PREDIV2Config                        0x0800b7f5   Thumb Code    18  stm32f10x_rcc.o(.text)
    RCC_PLL2Config                           0x0800b807   Thumb Code    18  stm32f10x_rcc.o(.text)
    RCC_PLL2Cmd                              0x0800b819   Thumb Code     6  stm32f10x_rcc.o(.text)
    RCC_PLL3Config                           0x0800b81f   Thumb Code    18  stm32f10x_rcc.o(.text)
    RCC_PLL3Cmd                              0x0800b831   Thumb Code     6  stm32f10x_rcc.o(.text)
    RCC_SYSCLKConfig                         0x0800b837   Thumb Code    18  stm32f10x_rcc.o(.text)
    RCC_GetSYSCLKSource                      0x0800b849   Thumb Code    10  stm32f10x_rcc.o(.text)
    RCC_HCLKConfig                           0x0800b853   Thumb Code    18  stm32f10x_rcc.o(.text)
    RCC_PCLK1Config                          0x0800b865   Thumb Code    18  stm32f10x_rcc.o(.text)
    RCC_PCLK2Config                          0x0800b877   Thumb Code    20  stm32f10x_rcc.o(.text)
    RCC_ITConfig                             0x0800b88b   Thumb Code    26  stm32f10x_rcc.o(.text)
    RCC_OTGFSCLKConfig                       0x0800b8a5   Thumb Code     8  stm32f10x_rcc.o(.text)
    RCC_ADCCLKConfig                         0x0800b8ad   Thumb Code    18  stm32f10x_rcc.o(.text)
    RCC_I2S2CLKConfig                        0x0800b8bf   Thumb Code     6  stm32f10x_rcc.o(.text)
    RCC_I2S3CLKConfig                        0x0800b8c5   Thumb Code     8  stm32f10x_rcc.o(.text)
    RCC_LSEConfig                            0x0800b8cd   Thumb Code    50  stm32f10x_rcc.o(.text)
    RCC_LSICmd                               0x0800b8ff   Thumb Code     6  stm32f10x_rcc.o(.text)
    RCC_RTCCLKConfig                         0x0800b905   Thumb Code    12  stm32f10x_rcc.o(.text)
    RCC_RTCCLKCmd                            0x0800b911   Thumb Code     8  stm32f10x_rcc.o(.text)
    RCC_GetClocksFreq                        0x0800b919   Thumb Code   424  stm32f10x_rcc.o(.text)
    RCC_AHBPeriphClockCmd                    0x0800bac1   Thumb Code    26  stm32f10x_rcc.o(.text)
    RCC_APB2PeriphClockCmd                   0x0800badb   Thumb Code    26  stm32f10x_rcc.o(.text)
    RCC_APB1PeriphClockCmd                   0x0800baf5   Thumb Code    26  stm32f10x_rcc.o(.text)
    RCC_AHBPeriphResetCmd                    0x0800bb0f   Thumb Code    26  stm32f10x_rcc.o(.text)
    RCC_APB2PeriphResetCmd                   0x0800bb29   Thumb Code    26  stm32f10x_rcc.o(.text)
    RCC_APB1PeriphResetCmd                   0x0800bb43   Thumb Code    26  stm32f10x_rcc.o(.text)
    RCC_BackupResetCmd                       0x0800bb5d   Thumb Code     6  stm32f10x_rcc.o(.text)
    RCC_ClockSecuritySystemCmd               0x0800bb63   Thumb Code     6  stm32f10x_rcc.o(.text)
    RCC_MCOConfig                            0x0800bb69   Thumb Code     6  stm32f10x_rcc.o(.text)
    RCC_ClearFlag                            0x0800bb6f   Thumb Code    14  stm32f10x_rcc.o(.text)
    RCC_GetITStatus                          0x0800bb7d   Thumb Code    20  stm32f10x_rcc.o(.text)
    RCC_ClearITPendingBit                    0x0800bb91   Thumb Code     6  stm32f10x_rcc.o(.text)
    __scatterload                            0x0800bba5   Thumb Code    28  init.o(.text)
    __scatterload_rt2                        0x0800bba5   Thumb Code     0  init.o(.text)
    __decompress                             0x0800bbc9   Thumb Code     0  __dczerorl.o(.text)
    __decompress0                            0x0800bbc9   Thumb Code    58  __dczerorl.o(.text)
    OSStartHighRdy                           0x0800bc05   Thumb Code     0  os_cpu_a.o(CODE)
    OS_CPU_PendSVHandler                     0x0800bc27   Thumb Code     0  os_cpu_a.o(CODE)
    __scatterload_copy                       0x0800bc89   Thumb Code    14  handlers.o(i.__scatterload_copy)
    __scatterload_null                       0x0800bc97   Thumb Code     2  handlers.o(i.__scatterload_null)
    __scatterload_zeroinit                   0x0800bc99   Thumb Code    14  handlers.o(i.__scatterload_zeroinit)
    CPU_EndiannessTest                       0x0800bda8   Data           4  cpu_core.o(.constdata)
    OSCfg_IdleTaskStkBasePtr                 0x0800be40   Data           4  os_cfg_app.o(.constdata)
    OSCfg_IdleTaskStkLimit                   0x0800be44   Data           4  os_cfg_app.o(.constdata)
    OSCfg_IdleTaskStkSize                    0x0800be48   Data           4  os_cfg_app.o(.constdata)
    OSCfg_IdleTaskStkSizeRAM                 0x0800be4c   Data           4  os_cfg_app.o(.constdata)
    OSCfg_IntQBasePtr                        0x0800be50   Data           4  os_cfg_app.o(.constdata)
    OSCfg_IntQSize                           0x0800be54   Data           2  os_cfg_app.o(.constdata)
    OSCfg_IntQSizeRAM                        0x0800be58   Data           4  os_cfg_app.o(.constdata)
    OSCfg_IntQTaskStkBasePtr                 0x0800be5c   Data           4  os_cfg_app.o(.constdata)
    OSCfg_IntQTaskStkLimit                   0x0800be60   Data           4  os_cfg_app.o(.constdata)
    OSCfg_IntQTaskStkSize                    0x0800be64   Data           4  os_cfg_app.o(.constdata)
    OSCfg_IntQTaskStkSizeRAM                 0x0800be68   Data           4  os_cfg_app.o(.constdata)
    OSCfg_ISRStkBasePtr                      0x0800be6c   Data           4  os_cfg_app.o(.constdata)
    OSCfg_ISRStkSize                         0x0800be70   Data           4  os_cfg_app.o(.constdata)
    OSCfg_ISRStkSizeRAM                      0x0800be74   Data           4  os_cfg_app.o(.constdata)
    OSCfg_MsgPoolSize                        0x0800be78   Data           2  os_cfg_app.o(.constdata)
    OSCfg_MsgPoolSizeRAM                     0x0800be7c   Data           4  os_cfg_app.o(.constdata)
    OSCfg_MsgPoolBasePtr                     0x0800be80   Data           4  os_cfg_app.o(.constdata)
    OSCfg_StatTaskPrio                       0x0800be84   Data           1  os_cfg_app.o(.constdata)
    OSCfg_StatTaskRate_Hz                    0x0800be88   Data           4  os_cfg_app.o(.constdata)
    OSCfg_StatTaskStkBasePtr                 0x0800be8c   Data           4  os_cfg_app.o(.constdata)
    OSCfg_StatTaskStkLimit                   0x0800be90   Data           4  os_cfg_app.o(.constdata)
    OSCfg_StatTaskStkSize                    0x0800be94   Data           4  os_cfg_app.o(.constdata)
    OSCfg_StatTaskStkSizeRAM                 0x0800be98   Data           4  os_cfg_app.o(.constdata)
    OSCfg_StkSizeMin                         0x0800be9c   Data           4  os_cfg_app.o(.constdata)
    OSCfg_TickRate_Hz                        0x0800bea0   Data           4  os_cfg_app.o(.constdata)
    OSCfg_TickTaskPrio                       0x0800bea4   Data           1  os_cfg_app.o(.constdata)
    OSCfg_TickTaskStkBasePtr                 0x0800bea8   Data           4  os_cfg_app.o(.constdata)
    OSCfg_TickTaskStkLimit                   0x0800beac   Data           4  os_cfg_app.o(.constdata)
    OSCfg_TickTaskStkSize                    0x0800beb0   Data           4  os_cfg_app.o(.constdata)
    OSCfg_TickTaskStkSizeRAM                 0x0800beb4   Data           4  os_cfg_app.o(.constdata)
    OSCfg_TmrTaskPrio                        0x0800beb8   Data           1  os_cfg_app.o(.constdata)
    OSCfg_TmrTaskRate_Hz                     0x0800bebc   Data           4  os_cfg_app.o(.constdata)
    OSCfg_TmrTaskStkBasePtr                  0x0800bec0   Data           4  os_cfg_app.o(.constdata)
    OSCfg_TmrTaskStkLimit                    0x0800bec4   Data           4  os_cfg_app.o(.constdata)
    OSCfg_TmrTaskStkSize                     0x0800bec8   Data           4  os_cfg_app.o(.constdata)
    OSCfg_TmrTaskStkSizeRAM                  0x0800becc   Data           4  os_cfg_app.o(.constdata)
    OSCfg_DataSizeRAM                        0x0800bed0   Data           4  os_cfg_app.o(.constdata)
    OSDbg_DbgEn                              0x0800bed4   Data           1  os_dbg.o(.constdata)
    OSDbg_ArgChkEn                           0x0800bed5   Data           1  os_dbg.o(.constdata)
    OSDbg_AppHooksEn                         0x0800bed6   Data           1  os_dbg.o(.constdata)
    OSDbg_EndiannessTest                     0x0800bed8   Data           4  os_dbg.o(.constdata)
    OSDbg_CalledFromISRChkEn                 0x0800bedc   Data           1  os_dbg.o(.constdata)
    OSDbg_FlagEn                             0x0800bedd   Data           1  os_dbg.o(.constdata)
    OSDbg_FlagGrp                            0x0800bee0   Data          40  os_dbg.o(.constdata)
    OSDbg_FlagDelEn                          0x0800bf08   Data           1  os_dbg.o(.constdata)
    OSDbg_FlagModeClrEn                      0x0800bf09   Data           1  os_dbg.o(.constdata)
    OSDbg_FlagPendAbortEn                    0x0800bf0a   Data           1  os_dbg.o(.constdata)
    OSDbg_FlagGrpSize                        0x0800bf0c   Data           2  os_dbg.o(.constdata)
    OSDbg_FlagWidth                          0x0800bf0e   Data           2  os_dbg.o(.constdata)
    OSDbg_IntQ                               0x0800bf10   Data           2  os_dbg.o(.constdata)
    OSDbg_ISRPostDeferredEn                  0x0800bf12   Data           1  os_dbg.o(.constdata)
    OSDbg_Mem                                0x0800bf14   Data          32  os_dbg.o(.constdata)
    OSDbg_MemEn                              0x0800bf34   Data           1  os_dbg.o(.constdata)
    OSDbg_MemSize                            0x0800bf36   Data           2  os_dbg.o(.constdata)
    OSDbg_MsgEn                              0x0800bf38   Data           1  os_dbg.o(.constdata)
    OSDbg_MsgSize                            0x0800bf3a   Data           2  os_dbg.o(.constdata)
    OSDbg_MsgPoolSize                        0x0800bf3c   Data           2  os_dbg.o(.constdata)
    OSDbg_MsgQSize                           0x0800bf3e   Data           2  os_dbg.o(.constdata)
    OSDbg_Mutex                              0x0800bf40   Data          44  os_dbg.o(.constdata)
    OSDbg_MutexEn                            0x0800bf6c   Data           1  os_dbg.o(.constdata)
    OSDbg_MutexDelEn                         0x0800bf6d   Data           1  os_dbg.o(.constdata)
    OSDbg_MutexPendAbortEn                   0x0800bf6e   Data           1  os_dbg.o(.constdata)
    OSDbg_MutexSize                          0x0800bf70   Data           2  os_dbg.o(.constdata)
    OSDbg_ObjTypeChkEn                       0x0800bf72   Data           1  os_dbg.o(.constdata)
    OSDbg_PendMultiEn                        0x0800bf73   Data           1  os_dbg.o(.constdata)
    OSDbg_PendDataSize                       0x0800bf74   Data           2  os_dbg.o(.constdata)
    OSDbg_PendListSize                       0x0800bf76   Data           2  os_dbg.o(.constdata)
    OSDbg_PendObjSize                        0x0800bf78   Data           2  os_dbg.o(.constdata)
    OSDbg_PrioMax                            0x0800bf7a   Data           2  os_dbg.o(.constdata)
    OSDbg_PrioTblSize                        0x0800bf7c   Data           2  os_dbg.o(.constdata)
    OSDbg_PtrSize                            0x0800bf7e   Data           2  os_dbg.o(.constdata)
    OSDbg_Q                                  0x0800bf80   Data          48  os_dbg.o(.constdata)
    OSDbg_QEn                                0x0800bfb0   Data           1  os_dbg.o(.constdata)
    OSDbg_QDelEn                             0x0800bfb1   Data           1  os_dbg.o(.constdata)
    OSDbg_QFlushEn                           0x0800bfb2   Data           1  os_dbg.o(.constdata)
    OSDbg_QPendAbortEn                       0x0800bfb3   Data           1  os_dbg.o(.constdata)
    OSDbg_QSize                              0x0800bfb4   Data           2  os_dbg.o(.constdata)
    OSDbg_SchedRoundRobinEn                  0x0800bfb6   Data           1  os_dbg.o(.constdata)
    OSDbg_Sem                                0x0800bfb8   Data          40  os_dbg.o(.constdata)
    OSDbg_SemEn                              0x0800bfe0   Data           1  os_dbg.o(.constdata)
    OSDbg_SemDelEn                           0x0800bfe1   Data           1  os_dbg.o(.constdata)
    OSDbg_SemPendAbortEn                     0x0800bfe2   Data           1  os_dbg.o(.constdata)
    OSDbg_SemSetEn                           0x0800bfe3   Data           1  os_dbg.o(.constdata)
    OSDbg_SemSize                            0x0800bfe4   Data           2  os_dbg.o(.constdata)
    OSDbg_RdyList                            0x0800bfe6   Data           2  os_dbg.o(.constdata)
    OSDbg_RdyListSize                        0x0800bfe8   Data           4  os_dbg.o(.constdata)
    OSDbg_StkWidth                           0x0800bfec   Data           1  os_dbg.o(.constdata)
    OSDbg_StatTaskEn                         0x0800bfed   Data           1  os_dbg.o(.constdata)
    OSDbg_StatTaskStkChkEn                   0x0800bfee   Data           1  os_dbg.o(.constdata)
    OSDbg_TaskChangePrioEn                   0x0800bfef   Data           1  os_dbg.o(.constdata)
    OSDbg_TaskDelEn                          0x0800bff0   Data           1  os_dbg.o(.constdata)
    OSDbg_TaskQEn                            0x0800bff1   Data           1  os_dbg.o(.constdata)
    OSDbg_TaskQPendAbortEn                   0x0800bff2   Data           1  os_dbg.o(.constdata)
    OSDbg_TaskProfileEn                      0x0800bff3   Data           1  os_dbg.o(.constdata)
    OSDbg_TaskRegTblSize                     0x0800bff4   Data           2  os_dbg.o(.constdata)
    OSDbg_TaskSemPendAbortEn                 0x0800bff6   Data           1  os_dbg.o(.constdata)
    OSDbg_TaskSuspendEn                      0x0800bff7   Data           1  os_dbg.o(.constdata)
    OSDbg_TCBSize                            0x0800bff8   Data           2  os_dbg.o(.constdata)
    OSDbg_TickListSize                       0x0800bffa   Data           2  os_dbg.o(.constdata)
    OSDbg_TimeDlyHMSMEn                      0x0800bffc   Data           1  os_dbg.o(.constdata)
    OSDbg_TimeDlyResumeEn                    0x0800bffd   Data           1  os_dbg.o(.constdata)
    OSDbg_TLS_TblSize                        0x0800bffe   Data           2  os_dbg.o(.constdata)
    OSDbg_Tmr                                0x0800c000   Data          48  os_dbg.o(.constdata)
    OSDbg_TmrEn                              0x0800c030   Data           1  os_dbg.o(.constdata)
    OSDbg_TmrDelEn                           0x0800c031   Data           1  os_dbg.o(.constdata)
    OSDbg_TmrSize                            0x0800c032   Data           2  os_dbg.o(.constdata)
    OSDbg_VersionNbr                         0x0800c034   Data           2  os_dbg.o(.constdata)
    OSDbg_DataSize                           0x0800c038   Data           4  os_dbg.o(.constdata)
    Region$$Table$$Base                      0x0800c03c   Number         0  anon$$obj.o(Region$$Table)
    Region$$Table$$Limit                     0x0800c05c   Number         0  anon$$obj.o(Region$$Table)
    SystemCoreClock                          0x20000000   Data           4  system_stm32f10x.o(.data)
    AHBPrescTable                            0x20000004   Data          16  system_stm32f10x.o(.data)
    CPU_TS_TmrFreq_Hz                        0x20000014   Data           4  cpu_core.o(.data)
    CPU_IntDisMeasCtr                        0x20000018   Data           2  cpu_core.o(.data)
    CPU_IntDisNestCtr                        0x2000001a   Data           2  cpu_core.o(.data)
    CPU_IntDisMeasStart_cnts                 0x2000001c   Data           4  cpu_core.o(.data)
    CPU_IntDisMeasStop_cnts                  0x20000020   Data           4  cpu_core.o(.data)
    CPU_IntDisMeasOvrhd_cnts                 0x20000024   Data           4  cpu_core.o(.data)
    CPU_IntDisMeasMaxCur_cnts                0x20000028   Data           4  cpu_core.o(.data)
    CPU_IntDisMeasMax_cnts                   0x2000002c   Data           4  cpu_core.o(.data)
    Mem_PoolTbl                              0x20000030   Data           4  lib_mem.o(.data)
    OS_CPU_ExceptStkBase                     0x20000034   Data           4  os_cpu_c.o(.data)
    OS_AppTaskCreateHookPtr                  0x20000038   Data           4  os_var.o(.data)
    OS_AppTaskDelHookPtr                     0x2000003c   Data           4  os_var.o(.data)
    OS_AppTaskReturnHookPtr                  0x20000040   Data           4  os_var.o(.data)
    OS_AppIdleTaskHookPtr                    0x20000044   Data           4  os_var.o(.data)
    OS_AppStatTaskHookPtr                    0x20000048   Data           4  os_var.o(.data)
    OS_AppTaskSwHookPtr                      0x2000004c   Data           4  os_var.o(.data)
    OS_AppTimeTickHookPtr                    0x20000050   Data           4  os_var.o(.data)
    OSIdleTaskCtr                            0x20000054   Data           4  os_var.o(.data)
    OSIntNestingCtr                          0x20000058   Data           1  os_var.o(.data)
    OSIntDisTimeMax                          0x2000005c   Data           4  os_var.o(.data)
    OSRunning                                0x20000060   Data           1  os_var.o(.data)
    OSIntQInPtr                              0x20000064   Data           4  os_var.o(.data)
    OSIntQOutPtr                             0x20000068   Data           4  os_var.o(.data)
    OSIntQNbrEntries                         0x2000006c   Data           2  os_var.o(.data)
    OSIntQNbrEntriesMax                      0x2000006e   Data           2  os_var.o(.data)
    OSIntQOvfCtr                             0x20000070   Data           2  os_var.o(.data)
    OSIntQTaskTimeMax                        0x20000074   Data           4  os_var.o(.data)
    OSFlagDbgListPtr                         0x20000078   Data           4  os_var.o(.data)
    OSFlagQty                                0x2000007c   Data           2  os_var.o(.data)
    OSMemDbgListPtr                          0x20000080   Data           4  os_var.o(.data)
    OSMemQty                                 0x20000084   Data           2  os_var.o(.data)
    OSMutexDbgListPtr                        0x20000088   Data           4  os_var.o(.data)
    OSMutexQty                               0x2000008c   Data           2  os_var.o(.data)
    OSPrioCur                                0x2000008e   Data           1  os_var.o(.data)
    OSPrioHighRdy                            0x2000008f   Data           1  os_var.o(.data)
    OSPrioSaved                              0x20000090   Data           1  os_var.o(.data)
    OSQDbgListPtr                            0x20000094   Data           4  os_var.o(.data)
    OSQQty                                   0x20000098   Data           2  os_var.o(.data)
    OSSchedLockTimeBegin                     0x2000009c   Data           4  os_var.o(.data)
    OSSchedLockTimeMax                       0x200000a0   Data           4  os_var.o(.data)
    OSSchedLockTimeMaxCur                    0x200000a4   Data           4  os_var.o(.data)
    OSSchedLockNestingCtr                    0x200000a8   Data           1  os_var.o(.data)
    OSSchedRoundRobinDfltTimeQuanta          0x200000ac   Data           4  os_var.o(.data)
    OSSchedRoundRobinEn                      0x200000b0   Data           1  os_var.o(.data)
    OSSemDbgListPtr                          0x200000b4   Data           4  os_var.o(.data)
    OSSemQty                                 0x200000b8   Data           2  os_var.o(.data)
    OSStatResetFlag                          0x200000ba   Data           1  os_var.o(.data)
    OSStatTaskCPUUsage                       0x200000bc   Data           2  os_var.o(.data)
    OSStatTaskCPUUsageMax                    0x200000be   Data           2  os_var.o(.data)
    OSStatTaskCtr                            0x200000c0   Data           4  os_var.o(.data)
    OSStatTaskCtrMax                         0x200000c4   Data           4  os_var.o(.data)
    OSStatTaskCtrRun                         0x200000c8   Data           4  os_var.o(.data)
    OSStatTaskRdy                            0x200000cc   Data           1  os_var.o(.data)
    OSStatTaskTimeMax                        0x200000d0   Data           4  os_var.o(.data)
    OSTaskCtxSwCtr                           0x200000d4   Data           4  os_var.o(.data)
    OSTaskDbgListPtr                         0x200000d8   Data           4  os_var.o(.data)
    OSTaskQty                                0x200000dc   Data           2  os_var.o(.data)
    OSTaskRegNextAvailID                     0x200000de   Data           1  os_var.o(.data)
    OSTickCtr                                0x200000e0   Data           4  os_var.o(.data)
    OSTickTaskTimeMax                        0x200000e4   Data           4  os_var.o(.data)
    OSTickListDly                            0x200000e8   Data           8  os_var.o(.data)
    OSTickListTimeout                        0x200000f0   Data           8  os_var.o(.data)
    OSTmrDbgListPtr                          0x200000f8   Data           4  os_var.o(.data)
    OSTmrListEntries                         0x200000fc   Data           2  os_var.o(.data)
    OSTmrListPtr                             0x20000100   Data           4  os_var.o(.data)
    OSTmrQty                                 0x20000104   Data           2  os_var.o(.data)
    OSTmrTaskTimeMax                         0x20000108   Data           4  os_var.o(.data)
    OSTmrTickCtr                             0x2000010c   Data           4  os_var.o(.data)
    OSTmrUpdateCnt                           0x20000110   Data           4  os_var.o(.data)
    OSTmrUpdateCtr                           0x20000114   Data           4  os_var.o(.data)
    OSTCBCurPtr                              0x20000118   Data           4  os_var.o(.data)
    OSTCBHighRdyPtr                          0x2000011c   Data           4  os_var.o(.data)
    OSPrioTbl                                0x20000120   Data           4  os_prio.o(.data)
    CPU_Name                                 0x20000138   Data          16  cpu_core.o(.bss)
    Mem_PoolHeap                             0x20000148   Data          72  lib_mem.o(.bss)
    Mem_Heap                                 0x20000190   Data       27648  lib_mem.o(.bss)
    OSCfg_IdleTaskStk                        0x20006d90   Data         512  os_cfg_app.o(.bss)
    OSCfg_IntQ                               0x20006f90   Data         320  os_cfg_app.o(.bss)
    OSCfg_IntQTaskStk                        0x200070d0   Data         512  os_cfg_app.o(.bss)
    OSCfg_ISRStk                             0x200072d0   Data         512  os_cfg_app.o(.bss)
    OSCfg_MsgPool                            0x200074d0   Data        1600  os_cfg_app.o(.bss)
    OSCfg_StatTaskStk                        0x20007b10   Data         512  os_cfg_app.o(.bss)
    OSCfg_TickTaskStk                        0x20007d10   Data         512  os_cfg_app.o(.bss)
    OSCfg_TmrTaskStk                         0x20007f10   Data         512  os_cfg_app.o(.bss)
    OSIdleTaskTCB                            0x20008110   Data         196  os_var.o(.bss)
    OSIntQTaskTCB                            0x200081d4   Data         196  os_var.o(.bss)
    OSMsgPool                                0x20008298   Data          12  os_var.o(.bss)
    OSRdyList                                0x200082a4   Data         384  os_var.o(.bss)
    OSStatTaskTCB                            0x20008424   Data         196  os_var.o(.bss)
    OSTickTaskTCB                            0x200084e8   Data         196  os_var.o(.bss)
    OSTmrMutex                               0x200085ac   Data          44  os_var.o(.bss)
    OSTmrTaskTCB                             0x200085d8   Data         196  os_var.o(.bss)
    __initial_sp                             0x20009428   Data           0  startup_stm32f10x_cl.o(STACK)



==============================================================================

Memory Map of the image

  Image Entry point : 0x08000151

  Load Region LR_IROM1 (Base: 0x08000000, Size: 0x0000c194, Max: 0x00040000, ABSOLUTE, COMPRESSED[0x0000c080])

    Execution Region ER_IROM1 (Base: 0x08000000, Size: 0x0000c05c, Max: 0x00040000, ABSOLUTE)

    Base Addr    Size         Type   Attr      Idx    E Section Name        Object

    0x08000000   0x00000150   Data   RO            3    RESET               startup_stm32f10x_cl.o
    0x08000150   0x00000000   Code   RO          674  * .ARM.Collect$$$$00000000  mc_w.l(entry.o)
    0x08000150   0x00000004   Code   RO          677    .ARM.Collect$$$$00000001  mc_w.l(entry2.o)
    0x08000154   0x00000004   Code   RO          680    .ARM.Collect$$$$00000004  mc_w.l(entry5.o)
    0x08000158   0x00000000   Code   RO          682    .ARM.Collect$$$$00000008  mc_w.l(entry7b.o)
    0x08000158   0x00000000   Code   RO          684    .ARM.Collect$$$$0000000A  mc_w.l(entry8b.o)
    0x08000158   0x00000008   Code   RO          685    .ARM.Collect$$$$0000000B  mc_w.l(entry9a.o)
    0x08000160   0x00000000   Code   RO          687    .ARM.Collect$$$$0000000D  mc_w.l(entry10a.o)
    0x08000160   0x00000000   Code   RO          689    .ARM.Collect$$$$0000000F  mc_w.l(entry11a.o)
    0x08000160   0x00000004   Code   RO          678    .ARM.Collect$$$$00002712  mc_w.l(entry2.o)
    0x08000164   0x00000024   Code   RO            4    .text               startup_stm32f10x_cl.o
    0x08000188   0x00000284   Code   RO           24    .text               system_stm32f10x.o
    0x0800040c   0x00000440   Code   RO           67    .text               cpu_core.o
    0x0800084c   0x00000034   Code   RO          127    .text               cpu_a.o
    0x08000880   0x00000256   Code   RO          130    .text               lib_ascii.o
    0x08000ad6   0x00000002   PAD
    0x08000ad8   0x00000f8c   Code   RO          148    .text               lib_mem.o
    0x08001a64   0x0000092c   Code   RO          173    .text               lib_str.o
    0x08002390   0x00000220   Code   RO          211    .text               lib_mem_a.o
    0x080025b0   0x0000028c   Code   RO          217    .text               os_cpu_c.o
    0x0800283c   0x00000002   Code   RO          255    .text               os_cfg_app.o
    0x0800283e   0x00000002   PAD
    0x08002840   0x00000e58   Code   RO          285    .text               os_core.o
    0x08003698   0x000001ac   Code   RO          297    .text               os_dbg.o
    0x08003844   0x0000100c   Code   RO          312    .text               os_flag.o
    0x08004850   0x0000045c   Code   RO          324    .text               os_int.o
    0x08004cac   0x00000278   Code   RO          336    .text               os_mem.o
    0x08004f24   0x00000228   Code   RO          348    .text               os_msg.o
    0x0800514c   0x00000c40   Code   RO          360    .text               os_mutex.o
    0x08005d8c   0x00000a00   Code   RO          384    .text               os_q.o
    0x0800678c   0x00000934   Code   RO          396    .text               os_sem.o
    0x080070c0   0x000006d8   Code   RO          408    .text               os_stat.o
    0x08007798   0x00001f7c   Code   RO          420    .text               os_task.o
    0x08009714   0x000005e8   Code   RO          432    .text               os_tick.o
    0x08009cfc   0x00000638   Code   RO          444    .text               os_time.o
    0x0800a334   0x000006e8   Code   RO          456    .text               os_tmr.o
    0x0800aa1c   0x0000007c   Code   RO          482    .text               os_prio.o
    0x0800aa98   0x00000178   Code   RO          501    .text               bsp.o
    0x0800ac10   0x00000050   Code   RO          571    .text               led.o
    0x0800ac60   0x00000024   Code   RO          583    .text               stm32f10x_it.o
    0x0800ac84   0x00000104   Code   RO          598    .text               main.o
    0x0800ad88   0x000005bc   Code   RO          624    .text               stm32f10x_flash.o
    0x0800b344   0x0000035c   Code   RO          648    .text               stm32f10x_gpio.o
    0x0800b6a0   0x00000504   Code   RO          660    .text               stm32f10x_rcc.o
    0x0800bba4   0x00000024   Code   RO          691    .text               mc_w.l(init.o)
    0x0800bbc8   0x0000003a   Code   RO          701    .text               mc_w.l(__dczerorl.o)
    0x0800bc02   0x00000002   PAD
    0x0800bc04   0x00000084   Code   RO          214    CODE                os_cpu_a.o
    0x0800bc88   0x0000000e   Code   RO          695    i.__scatterload_copy  mc_w.l(handlers.o)
    0x0800bc96   0x00000002   Code   RO          696    i.__scatterload_null  mc_w.l(handlers.o)
    0x0800bc98   0x0000000e   Code   RO          697    i.__scatterload_zeroinit  mc_w.l(handlers.o)
    0x0800bca6   0x00000002   PAD
    0x0800bca8   0x00000104   Data   RO           69    .constdata          cpu_core.o
    0x0800bdac   0x00000094   Data   RO          174    .constdata          lib_str.o
    0x0800be40   0x00000094   Data   RO          257    .constdata          os_cfg_app.o
    0x0800bed4   0x00000168   Data   RO          298    .constdata          os_dbg.o
    0x0800c03c   0x00000020   Data   RO          693    Region$$Table       anon$$obj.o


    Execution Region RW_IRAM1 (Base: 0x20000000, Size: 0x00009428, Max: 0x00010000, ABSOLUTE, COMPRESSED[0x00000024])

    Base Addr    Size         Type   Attr      Idx    E Section Name        Object

    0x20000000   0x00000014   Data   RW           25    .data               system_stm32f10x.o
    0x20000014   0x0000001c   Data   RW           70    .data               cpu_core.o
    0x20000030   0x00000004   Data   RW          150    .data               lib_mem.o
    0x20000034   0x00000004   Data   RW          218    .data               os_cpu_c.o
    0x20000038   0x000000e8   Data   RW          469    .data               os_var.o
    0x20000120   0x00000004   Data   RW          483    .data               os_prio.o
    0x20000124   0x00000014   Data   RW          661    .data               stm32f10x_rcc.o
    0x20000138   0x00000010   Zero   RW           68    .bss                cpu_core.o
    0x20000148   0x00006c48   Zero   RW          149    .bss                lib_mem.o
    0x20006d90   0x00001380   Zero   RW          256    .bss                os_cfg_app.o
    0x20008110   0x0000058c   Zero   RW          468    .bss                os_var.o
    0x2000869c   0x00000988   Zero   RW          599    .bss                main.o
    0x20009024   0x00000004   PAD
    0x20009028   0x00000400   Zero   RW            1    STACK               startup_stm32f10x_cl.o


==============================================================================

Image component sizes


      Code (inc. data)   RO Data    RW Data    ZI Data      Debug   Object Name

       376         18          0          0          0      45859   bsp.o
         0          0          0          0          0       4272   core_cm3.o
        52          0          0          0          0        356   cpu_a.o
      1088         42        260         28         16      16460   cpu_core.o
        80          4          0          0          0        794   led.o
       598          0          0          0          0      14328   lib_ascii.o
      3980         62          0          4      27720      24720   lib_mem.o
       544          0          0          0          0        504   lib_mem_a.o
      2348          6        148          0          0      13106   lib_str.o
       260         40          0          0       2440       1884   main.o
         2          0        148          0       4992      21459   os_cfg_app.o
      3672        298          0          0          0      11994   os_core.o
       132         32          0          0          0        400   os_cpu_a.o
       652         64          0          4          0      32871   os_cpu_c.o
       428        280        360          0          0       4761   os_dbg.o
      4108        110          0          0          0       8187   os_flag.o
      1116        144          0          0          0       2320   os_int.o
       632         22          0          0          0       2752   os_mem.o
       552         14          0          0          0       2642   os_msg.o
      3136        114          0          0          0       5754   os_mutex.o
       124          4          0          4          0       1792   os_prio.o
      2560         82          0          0          0       6356   os_q.o
      2356         72          0          0          0       6352   os_sem.o
      1752        190          0          0          0       2933   os_stat.o
      8060        280          0          0          0      14394   os_task.o
      1512         80          0          0          0       3836   os_tick.o
      1592         46          0          0          0       3389   os_time.o
      1768        156          0          0          0       5923   os_tmr.o
         0          0          0        232       1420      19408   os_var.o
        36          8        336          0       1024        832   startup_stm32f10x_cl.o
      1468         34          0          0          0       8230   stm32f10x_flash.o
       860         38          0          0          0       5841   stm32f10x_gpio.o
        36          0          0          0          0       1713   stm32f10x_it.o
      1284         64          0         20          0      11426   stm32f10x_rcc.o
       644         48          0         20          0     250487   system_stm32f10x.o

    ----------------------------------------------------------------------
     47812       2352       1284        312      37616     558335   Object Totals
         0          0         32          0          0          0   (incl. Generated)
         4          0          0          0          4          0   (incl. Padding)

    ----------------------------------------------------------------------

      Code (inc. data)   RO Data    RW Data    ZI Data      Debug   Library Member Name

        58          0          0          0          0          0   __dczerorl.o
         0          0          0          0          0          0   entry.o
         0          0          0          0          0          0   entry10a.o
         0          0          0          0          0          0   entry11a.o
         8          4          0          0          0          0   entry2.o
         4          0          0          0          0          0   entry5.o
         0          0          0          0          0          0   entry7b.o
         0          0          0          0          0          0   entry8b.o
         8          4          0          0          0          0   entry9a.o
        30          0          0          0          0          0   handlers.o
        36          8          0          0          0         68   init.o

    ----------------------------------------------------------------------
       148         16          0          0          0         68   Library Totals
         4          0          0          0          0          0   (incl. Padding)

    ----------------------------------------------------------------------

      Code (inc. data)   RO Data    RW Data    ZI Data      Debug   Library Name

       144         16          0          0          0         68   mc_w.l

    ----------------------------------------------------------------------
       148         16          0          0          0         68   Library Totals

    ----------------------------------------------------------------------

==============================================================================


      Code (inc. data)   RO Data    RW Data    ZI Data      Debug   

     47960       2368       1284        312      37616     555723   Grand Totals
     47960       2368       1284         36      37616     555723   ELF Image Totals (compressed)
     47960       2368       1284         36          0          0   ROM Totals

==============================================================================

    Total RO  Size (Code + RO Data)                49244 (  48.09kB)
    Total RW  Size (RW Data + ZI Data)             37928 (  37.04kB)
    Total ROM Size (Code + RO Data + RW Data)      49280 (  48.13kB)

==============================================================================

